Archive member included to satisfy reference by file (symbol)

app/libapp.a(main.c.obj)      (--whole-archive)
zephyr/libzephyr.a(cbprintf_packaged.c.obj)
                              (--whole-archive)
zephyr/libzephyr.a(dec.c.obj)
                              (--whole-archive)
zephyr/libzephyr.a(fdtable.c.obj)
                              (--whole-archive)
zephyr/libzephyr.a(hex.c.obj)
                              (--whole-archive)
zephyr/libzephyr.a(printk.c.obj)
                              (--whole-archive)
zephyr/libzephyr.a(rb.c.obj)  (--whole-archive)
zephyr/libzephyr.a(sem.c.obj)
                              (--whole-archive)
zephyr/libzephyr.a(thread_entry.c.obj)
                              (--whole-archive)
zephyr/libzephyr.a(timeutil.c.obj)
                              (--whole-archive)
zephyr/libzephyr.a(heap.c.obj)
                              (--whole-archive)
zephyr/libzephyr.a(heap-validate.c.obj)
                              (--whole-archive)
zephyr/libzephyr.a(bitarray.c.obj)
                              (--whole-archive)
zephyr/libzephyr.a(multi_heap.c.obj)
                              (--whole-archive)
zephyr/libzephyr.a(onoff.c.obj)
                              (--whole-archive)
zephyr/libzephyr.a(notify.c.obj)
                              (--whole-archive)
zephyr/libzephyr.a(crc32c_sw.c.obj)
                              (--whole-archive)
zephyr/libzephyr.a(crc32_sw.c.obj)
                              (--whole-archive)
zephyr/libzephyr.a(crc16_sw.c.obj)
                              (--whole-archive)
zephyr/libzephyr.a(crc8_sw.c.obj)
                              (--whole-archive)
zephyr/libzephyr.a(crc7_sw.c.obj)
                              (--whole-archive)
zephyr/libzephyr.a(cbprintf_complete.c.obj)
                              (--whole-archive)
zephyr/libzephyr.a(cbprintf.c.obj)
                              (--whole-archive)
zephyr/libzephyr.a(assert.c.obj)
                              (--whole-archive)
zephyr/libzephyr.a(reboot.c.obj)
                              (--whole-archive)
zephyr/libzephyr.a(configs.c.obj)
                              (--whole-archive)
zephyr/libzephyr.a(soc_nrf_common.S.obj)
                              (--whole-archive)
zephyr/libzephyr.a(validate_base_addresses.c.obj)
                              (--whole-archive)
zephyr/libzephyr.a(validate_enabled_instances.c.obj)
                              (--whole-archive)
zephyr/libzephyr.a(log_minimal.c.obj)
                              (--whole-archive)
zephyr/libzephyr.a(pm.c.obj)  (--whole-archive)
zephyr/libzephyr.a(policy.c.obj)
                              (--whole-archive)
zephyr/libzephyr.a(state.c.obj)
                              (--whole-archive)
zephyr/libzephyr.a(tracing_none.c.obj)
                              (--whole-archive)
zephyr/libzephyr.a(nrf_cc3xx_platform_abort_zephyr.c.obj)
                              (--whole-archive)
zephyr/libzephyr.a(nrf_cc3xx_platform_mutex_zephyr.c.obj)
                              (--whole-archive)
zephyr/arch/common/libarch__common.a(sw_isr_common.c.obj)
                              (--whole-archive)
zephyr/arch/arch/arm/core/aarch32/libarch__arm__core__aarch32.a(cpu_idle.S.obj)
                              (--whole-archive)
zephyr/arch/arch/arm/core/aarch32/libarch__arm__core__aarch32.a(fatal.c.obj)
                              (--whole-archive)
zephyr/arch/arch/arm/core/aarch32/libarch__arm__core__aarch32.a(irq_manage.c.obj)
                              (--whole-archive)
zephyr/arch/arch/arm/core/aarch32/libarch__arm__core__aarch32.a(nmi.c.obj)
                              (--whole-archive)
zephyr/arch/arch/arm/core/aarch32/libarch__arm__core__aarch32.a(nmi_on_reset.S.obj)
                              (--whole-archive)
zephyr/arch/arch/arm/core/aarch32/libarch__arm__core__aarch32.a(prep_c.c.obj)
                              (--whole-archive)
zephyr/arch/arch/arm/core/aarch32/libarch__arm__core__aarch32.a(swap.c.obj)
                              (--whole-archive)
zephyr/arch/arch/arm/core/aarch32/libarch__arm__core__aarch32.a(swap_helper.S.obj)
                              (--whole-archive)
zephyr/arch/arch/arm/core/aarch32/libarch__arm__core__aarch32.a(thread.c.obj)
                              (--whole-archive)
zephyr/arch/arch/arm/core/aarch32/libarch__arm__core__aarch32.a(isr_wrapper.S.obj)
                              (--whole-archive)
zephyr/arch/arch/arm/core/aarch32/cortex_m/libarch__arm__core__aarch32__cortex_m.a(exc_exit.S.obj)
                              (--whole-archive)
zephyr/arch/arch/arm/core/aarch32/cortex_m/libarch__arm__core__aarch32__cortex_m.a(fault.c.obj)
                              (--whole-archive)
zephyr/arch/arch/arm/core/aarch32/cortex_m/libarch__arm__core__aarch32__cortex_m.a(fault_s.S.obj)
                              (--whole-archive)
zephyr/arch/arch/arm/core/aarch32/cortex_m/libarch__arm__core__aarch32__cortex_m.a(fpu.c.obj)
                              (--whole-archive)
[...]
Memory Configuration

Name             Origin             Length             Attributes
FLASH            0x0000000000000000 0x0000000000100000 xr
RAM              0x0000000020000000 0x0000000000040000 xw
IDT_LIST         0x00000000fffff7ff 0x0000000000000800 xw
*default*        0x0000000000000000 0xffffffffffffffff

Linker script and memory map

LOAD zephyr/CMakeFiles/zephyr_final.dir/misc/empty_file.c.obj
LOAD zephyr/CMakeFiles/zephyr_final.dir/dev_handles.c.obj
LOAD zephyr/CMakeFiles/zephyr_final.dir/isr_tables.c.obj
LOAD app/libapp.a
LOAD zephyr/libzephyr.a
LOAD zephyr/arch/common/libarch__common.a
LOAD zephyr/arch/arch/arm/core/aarch32/libarch__arm__core__aarch32.a
LOAD zephyr/arch/arch/arm/core/aarch32/cortex_m/libarch__arm__core__aarch32__cortex_m.a
LOAD zephyr/arch/arch/arm/core/aarch32/mpu/libarch__arm__core__aarch32__mpu.a
LOAD zephyr/lib/libc/minimal/liblib__libc__minimal.a
LOAD zephyr/soc/arm/common/cortex_m/libsoc__arm__common__cortex_m.a
LOAD zephyr/soc/arm/nordic_nrf/nrf52/libsoc__arm__nordic_nrf__nrf52.a
LOAD zephyr/drivers/clock_control/libdrivers__clock_control.a
LOAD zephyr/drivers/console/libdrivers__console.a
LOAD zephyr/drivers/gpio/libdrivers__gpio.a
LOAD zephyr/drivers/pinctrl/libdrivers__pinctrl.a
LOAD zephyr/drivers/serial/libdrivers__serial.a
LOAD zephyr/drivers/timer/libdrivers__timer.a
LOAD modules/nrf/lib/fatal_error/lib..__nrf__lib__fatal_error.a
LOAD modules/nrf/drivers/hw_cc310/lib..__nrf__drivers__hw_cc310.a
LOAD modules/hal_nordic/nrfx/libmodules__hal_nordic__nrfx.a
LOAD modules/segger/libmodules__segger.a
LOAD zephyr/kernel/libkernel.a
LOAD zephyr/CMakeFiles/offsets.dir/./arch/arm/core/offsets/offsets.c.obj
LOAD /home/mtp/ncs/toolchains/1f9b40e71a/opt/zephyr-sdk/arm-zephyr-eabi/bin/../lib/gcc/arm-zephyr-eabi/12.2.0/thumb/v7e-m/nofp/libgcc.a
LOAD zephyr/arch/common/libisr_tables.a
LOAD /home/mtp/ncs/v2.4.2/nrfxlib/crypto/nrf_cc310_platform/lib/cortex-m4/soft-float/no-interrupts/libnrf_cc310_platform_0.9.17.a
                0x0000000000000020                _region_min_align = 0x20

.rel.plt        0x0000000000000000        0x0
 *(SORT_BY_ALIGNMENT(.rel.plt))
                [!provide]                        PROVIDE (__rel_iplt_start = .)
 *(SORT_BY_ALIGNMENT(.rel.iplt))
 .rel.iplt      0x0000000000000000        0x0 zephyr/CMakeFiles/zephyr_final.dir/isr_tables.c.obj
                [!provide]                        PROVIDE (__rel_iplt_end = .)

.rela.plt       0x0000000000000000        0x0
 *(SORT_BY_ALIGNMENT(.rela.plt))
                [!provide]                        PROVIDE (__rela_iplt_start = .)
 *(SORT_BY_ALIGNMENT(.rela.iplt))
                [!provide]                        PROVIDE (__rela_iplt_end = .)

.rel.dyn
 *(SORT_BY_ALIGNMENT(.rel.*))

.rela.dyn
 *(SORT_BY_ALIGNMENT(.rela.*))

/DISCARD/
 *(SORT_BY_ALIGNMENT(.plt))

/DISCARD/
 *(SORT_BY_ALIGNMENT(.iplt))
                0x0000000000000000                __rom_region_start = 0x0

rom_start       0x0000000000000000      0x100
                0x0000000000000000                . = 0x0
                0x0000000000000000                . = ALIGN (0x4)
                0x0000000000000000                . = ALIGN (0x80)
                0x0000000000000000                . = ALIGN (0x100)
                0x0000000000000000                _vector_start = .
 *(SORT_BY_ALIGNMENT(.exc_vector_table))
 *(SORT_BY_ALIGNMENT(.exc_vector_table.*))
 .exc_vector_table._vector_table_section
                0x0000000000000000       0x40 zephyr/arch/arch/arm/core/aarch32/cortex_m/libarch__arm__core__aarch32__cortex_m.a(vector_table.S.obj)
                0x0000000000000000                _vector_table
 *(SORT_BY_ALIGNMENT(.vectors))
                0x0000000000000100                _vector_end = .
                0x0000000000000040                . = ALIGN (0x4)
 *(SORT_BY_ALIGNMENT(.gnu.linkonce.irq_vector_table*))
 .gnu.linkonce.irq_vector_table
                0x0000000000000040       0xc0 zephyr/CMakeFiles/zephyr_final.dir/isr_tables.c.obj
                0x0000000000000040                _irq_vector_table
                0x0000000000000100                _vector_end = .

text            0x0000000000000100     0x5570
                0x0000000000000100                __text_region_start = .
 *(SORT_BY_ALIGNMENT(.text))
 .text          0x0000000000000100       0x30 /home/mtp/ncs/toolchains/1f9b40e71a/opt/zephyr-sdk/arm-zephyr-eabi/bin/../lib/gcc/arm-zephyr-eabi/12.2.0/thumb/v7e-m/nofp/libgcc.a(_aeabi_uldivmod.o)
                0x0000000000000100                __aeabi_uldivmod
 .text          0x0000000000000130        0x4 /home/mtp/ncs/toolchains/1f9b40e71a/opt/zephyr-sdk/arm-zephyr-eabi/bin/../lib/gcc/arm-zephyr-eabi/12.2.0/thumb/v7e-m/nofp/libgcc.a(_dvmd_tls.o)
                0x0000000000000130                __aeabi_ldiv0
                0x0000000000000130                __aeabi_idiv0
 .text          0x0000000000000134      0x2a0 /home/mtp/ncs/toolchains/1f9b40e71a/opt/zephyr-sdk/arm-zephyr-eabi/bin/../lib/gcc/arm-zephyr-eabi/12.2.0/thumb/v7e-m/nofp/libgcc.a(_udivmoddi4.o)
                0x0000000000000134                __udivmoddi4
 *(SORT_BY_ALIGNMENT(.text.*))
 .text.button_pressed
                0x00000000000003d4       0x38 app/libapp.a(main.c.obj)
                0x00000000000003d4                button_pressed
 .text.main     0x000000000000040c      0x100 app/libapp.a(main.c.obj)
                0x000000000000040c                main
 .text.char_out
                0x000000000000050c        0xc zephyr/libzephyr.a(printk.c.obj)
 .text.__printk_hook_install
                0x0000000000000518        0xc zephyr/libzephyr.a(printk.c.obj)
                0x0000000000000518                __printk_hook_install
 .text.vprintk  0x0000000000000524       0x1c zephyr/libzephyr.a(printk.c.obj)
                0x0000000000000524                vprintk
 .text.process_event
                0x0000000000000540      0x21c zephyr/libzephyr.a(onoff.c.obj)
 .text.z_cbvprintf_impl
                0x000000000000075c      0x764 zephyr/libzephyr.a(cbprintf_complete.c.obj)
                0x000000000000075c                z_cbvprintf_impl
 .text.sys_reboot
                0x0000000000000ec0       0x30 zephyr/libzephyr.a(reboot.c.obj)
                0x0000000000000ec0                sys_reboot
 .text.z_arm_platform_init
                0x0000000000000ef0        0x4 zephyr/libzephyr.a(soc_nrf_common.S.obj)
                0x0000000000000ef0                z_arm_platform_init
 .text.z_log_minimal_hexdump_print
                0x0000000000000ef4       0xc0 zephyr/libzephyr.a(log_minimal.c.obj)
                0x0000000000000ef4                z_log_minimal_hexdump_print
 .text.pm_state_notify
                0x0000000000000fb4       0x5c zephyr/libzephyr.a(pm.c.obj)
 .text.pm_system_resume
                0x0000000000001010       0x78 zephyr/libzephyr.a(pm.c.obj)
                0x0000000000001010                pm_system_resume
 .text.pm_system_suspend
                0x0000000000001088       0xf8 zephyr/libzephyr.a(pm.c.obj)
                0x0000000000001088                pm_system_suspend
 .text.pm_policy_next_state
                0x0000000000001180       0x94 zephyr/libzephyr.a(policy.c.obj)
                0x0000000000001180                pm_policy_next_state
 .text.pm_state_cpu_get_all
                0x0000000000001214       0x10 zephyr/libzephyr.a(state.c.obj)
                0x0000000000001214                pm_state_cpu_get_all
 .text.nrf_cc3xx_platform_abort_init
                0x0000000000001224        0xc zephyr/libzephyr.a(nrf_cc3xx_platform_abort_zephyr.c.obj)
                0x0000000000001224                nrf_cc3xx_platform_abort_init
 .text.mutex_free_platform
                0x0000000000001230       0x54 zephyr/libzephyr.a(nrf_cc3xx_platform_mutex_zephyr.c.obj)
 .text.mutex_lock_platform
                0x0000000000001284       0x60 zephyr/libzephyr.a(nrf_cc3xx_platform_mutex_zephyr.c.obj)
 .text.mutex_unlock_platform
                0x00000000000012e4       0x58 zephyr/libzephyr.a(nrf_cc3xx_platform_mutex_zephyr.c.obj)
 .text.mutex_init_platform
                0x000000000000133c       0x94 zephyr/libzephyr.a(nrf_cc3xx_platform_mutex_zephyr.c.obj)
 .text.nrf_cc3xx_platform_mutex_init
                0x00000000000013d0       0x2c zephyr/libzephyr.a(nrf_cc3xx_platform_mutex_zephyr.c.obj)
                0x00000000000013d0                nrf_cc3xx_platform_mutex_init
 .text.z_arm_cpu_idle_init
                0x00000000000013fc        0xc zephyr/arch/arch/arm/core/aarch32/libarch__arm__core__aarch32.a(cpu_idle.S.obj)
                0x00000000000013fc                z_arm_cpu_idle_init
 .text.arch_cpu_idle
                0x0000000000001408       0x1c zephyr/arch/arch/arm/core/aarch32/libarch__arm__core__aarch32.a(cpu_idle.S.obj)
                0x0000000000001408                arch_cpu_idle
 .text.arch_cpu_atomic_idle
                0x0000000000001424       0x18 zephyr/arch/arch/arm/core/aarch32/libarch__arm__core__aarch32.a(cpu_idle.S.obj)
                0x0000000000001424                arch_cpu_atomic_idle
 .text.z_arm_fatal_error
                0x000000000000143c       0x5c zephyr/arch/arch/arm/core/aarch32/libarch__arm__core__aarch32.a(fatal.c.obj)
                0x000000000000143c                z_arm_fatal_error
 .text.arch_irq_enable
                0x0000000000001498       0x1c zephyr/arch/arch/arm/core/aarch32/libarch__arm__core__aarch32.a(irq_manage.c.obj)
                0x0000000000001498                arch_irq_enable
 .text.arch_irq_disable
                0x00000000000014b4       0x28 zephyr/arch/arch/arm/core/aarch32/libarch__arm__core__aarch32.a(irq_manage.c.obj)
                0x00000000000014b4                arch_irq_disable
 .text.arch_irq_is_enabled
                0x00000000000014dc       0x1c zephyr/arch/arch/arm/core/aarch32/libarch__arm__core__aarch32.a(irq_manage.c.obj)
                0x00000000000014dc                arch_irq_is_enabled
 .text.z_arm_irq_priority_set
                0x00000000000014f8       0x30 zephyr/arch/arch/arm/core/aarch32/libarch__arm__core__aarch32.a(irq_manage.c.obj)
                0x00000000000014f8                z_arm_irq_priority_set
 .text.z_SysNmiOnReset
                0x0000000000001528        0x8 zephyr/arch/arch/arm/core/aarch32/libarch__arm__core__aarch32.a(nmi_on_reset.S.obj)
                0x0000000000001528                z_SysNmiOnReset
 .text.z_arm_prep_c
                0x0000000000001530       0x38 zephyr/arch/arch/arm/core/aarch32/libarch__arm__core__aarch32.a(prep_c.c.obj)
                0x0000000000001530                z_arm_prep_c
 .text.arch_swap
                0x0000000000001568       0x34 zephyr/arch/arch/arm/core/aarch32/libarch__arm__core__aarch32.a(swap.c.obj)
                0x0000000000001568                arch_swap
 .text.z_arm_pendsv
                0x000000000000159c       0x54 zephyr/arch/arch/arm/core/aarch32/libarch__arm__core__aarch32.a(swap_helper.S.obj)
                0x000000000000159c                z_arm_pendsv
 .text.z_arm_svc
                0x00000000000015f0       0x20 zephyr/arch/arch/arm/core/aarch32/libarch__arm__core__aarch32.a(swap_helper.S.obj)
                0x00000000000015f0                z_arm_svc
 .text.arch_new_thread
                0x0000000000001610       0x38 zephyr/arch/arch/arm/core/aarch32/libarch__arm__core__aarch32.a(thread.c.obj)
                0x0000000000001610                arch_new_thread
 .text.z_check_thread_stack_fail
                0x0000000000001648       0x2c zephyr/arch/arch/arm/core/aarch32/libarch__arm__core__aarch32.a(thread.c.obj)
                0x0000000000001648                z_check_thread_stack_fail
 .text.arch_switch_to_main_thread
                0x0000000000001674       0x2c zephyr/arch/arch/arm/core/aarch32/libarch__arm__core__aarch32.a(thread.c.obj)
                0x0000000000001674                arch_switch_to_main_thread
 .text._isr_wrapper
                0x00000000000016a0       0x40 zephyr/arch/arch/arm/core/aarch32/libarch__arm__core__aarch32.a(isr_wrapper.S.obj)
                0x00000000000016a0                _isr_wrapper
 .text._HandlerModeExit
                0x00000000000016e0       0x1c zephyr/arch/arch/arm/core/aarch32/cortex_m/libarch__arm__core__aarch32__cortex_m.a(exc_exit.S.obj)
                0x00000000000016e0                z_arm_exc_exit
                0x00000000000016e0                z_arm_int_exit
 .text.mem_manage_fault
                0x00000000000016fc      0x100 zephyr/arch/arch/arm/core/aarch32/cortex_m/libarch__arm__core__aarch32__cortex_m.a(fault.c.obj)
 .text.usage_fault.constprop.0
                0x00000000000017fc       0xa4 zephyr/arch/arch/arm/core/aarch32/cortex_m/libarch__arm__core__aarch32__cortex_m.a(fault.c.obj)
 .text.bus_fault.constprop.0
                0x00000000000018a0       0xc8 zephyr/arch/arch/arm/core/aarch32/cortex_m/libarch__arm__core__aarch32__cortex_m.a(fault.c.obj)
 .text.z_arm_fault
                0x0000000000001968      0x1a8 zephyr/arch/arch/arm/core/aarch32/cortex_m/libarch__arm__core__aarch32__cortex_m.a(fault.c.obj)
                0x0000000000001968                z_arm_fault
 .text.z_arm_fault_init
                0x0000000000001b10       0x10 zephyr/arch/arch/arm/core/aarch32/cortex_m/libarch__arm__core__aarch32__cortex_m.a(fault.c.obj)
                0x0000000000001b10                z_arm_fault_init
 .text.__fault  0x0000000000001b20       0x14 zephyr/arch/arch/arm/core/aarch32/cortex_m/libarch__arm__core__aarch32__cortex_m.a(fault_s.S.obj)
                0x0000000000001b20                z_arm_bus_fault
                0x0000000000001b20                z_arm_usage_fault
                0x0000000000001b20                z_arm_mpu_fault
                0x0000000000001b20                z_arm_exc_spurious
                0x0000000000001b20                z_arm_debug_monitor
                0x0000000000001b20                z_arm_hard_fault
 .text.z_arm_interrupt_init
                0x0000000000001b34       0x18 zephyr/arch/arch/arm/core/aarch32/cortex_m/libarch__arm__core__aarch32__cortex_m.a(irq_init.c.obj)
                0x0000000000001b34                z_arm_interrupt_init
 .text._reset_section
                0x0000000000001b4c       0x54 zephyr/arch/arch/arm/core/aarch32/cortex_m/libarch__arm__core__aarch32__cortex_m.a(reset.S.obj)
                0x0000000000001b4c                z_arm_reset
                0x0000000000001b4c                __start
 .text.z_arm_clear_arm_mpu_config
                0x0000000000001ba0       0x24 zephyr/arch/arch/arm/core/aarch32/cortex_m/libarch__arm__core__aarch32__cortex_m.a(scb.c.obj)
                0x0000000000001ba0                z_arm_clear_arm_mpu_config
 .text.z_arm_init_arch_hw_at_boot
                0x0000000000001bc4       0x64 zephyr/arch/arch/arm/core/aarch32/cortex_m/libarch__arm__core__aarch32__cortex_m.a(scb.c.obj)
                0x0000000000001bc4                z_arm_init_arch_hw_at_boot
 .text.z_impl_k_thread_abort
                0x0000000000001c28       0x2c zephyr/arch/arch/arm/core/aarch32/cortex_m/libarch__arm__core__aarch32__cortex_m.a(thread_abort.c.obj)
                0x0000000000001c28                z_impl_k_thread_abort
 .text.z_arm_configure_static_mpu_regions
                0x0000000000001c54       0x18 zephyr/arch/arch/arm/core/aarch32/mpu/libarch__arm__core__aarch32__mpu.a(arm_core_mpu.c.obj)
                0x0000000000001c54                z_arm_configure_static_mpu_regions
 .text.z_arm_configure_dynamic_mpu_regions
                0x0000000000001c6c       0x20 zephyr/arch/arch/arm/core/aarch32/mpu/libarch__arm__core__aarch32__mpu.a(arm_core_mpu.c.obj)
                0x0000000000001c6c                z_arm_configure_dynamic_mpu_regions
 .text.mpu_configure_regions
                0x0000000000001c8c       0xa0 zephyr/arch/arch/arm/core/aarch32/mpu/libarch__arm__core__aarch32__mpu.a(arm_mpu.c.obj)
 .text.arm_core_mpu_enable
                0x0000000000001d2c       0x18 zephyr/arch/arch/arm/core/aarch32/mpu/libarch__arm__core__aarch32__mpu.a(arm_mpu.c.obj)
                0x0000000000001d2c                arm_core_mpu_enable
 .text.arm_core_mpu_disable
                0x0000000000001d44       0x14 zephyr/arch/arch/arm/core/aarch32/mpu/libarch__arm__core__aarch32__mpu.a(arm_mpu.c.obj)
                0x0000000000001d44                arm_core_mpu_disable
 .text.arm_core_mpu_configure_static_mpu_regions
                0x0000000000001d58       0x14 zephyr/arch/arch/arm/core/aarch32/mpu/libarch__arm__core__aarch32__mpu.a(arm_mpu.c.obj)
                0x0000000000001d58                arm_core_mpu_configure_static_mpu_regions
 .text.arm_core_mpu_configure_dynamic_mpu_regions
                0x0000000000001d6c       0x30 zephyr/arch/arch/arm/core/aarch32/mpu/libarch__arm__core__aarch32__mpu.a(arm_mpu.c.obj)
                0x0000000000001d6c                arm_core_mpu_configure_dynamic_mpu_regions
 .text.z_arm_mpu_init
                0x0000000000001d9c       0x60 zephyr/arch/arch/arm/core/aarch32/mpu/libarch__arm__core__aarch32__mpu.a(arm_mpu.c.obj)
                0x0000000000001d9c                z_arm_mpu_init
 .text.__stdout_hook_install
                0x0000000000001dfc        0xc zephyr/lib/libc/minimal/liblib__libc__minimal.a(stdout_console.c.obj)
                0x0000000000001dfc                __stdout_hook_install
 .text.nordicsemi_nrf52_init
                0x0000000000001e08       0x60 zephyr/soc/arm/nordic_nrf/nrf52/libsoc__arm__nordic_nrf__nrf52.a(soc.c.obj)
 .text.sys_arch_reboot
                0x0000000000001e68       0x2c zephyr/soc/arm/nordic_nrf/nrf52/libsoc__arm__nordic_nrf__nrf52.a(soc.c.obj)
                0x0000000000001e68                sys_arch_reboot
 .text.arch_busy_wait
                0x0000000000001e94       0x14 zephyr/soc/arm/nordic_nrf/nrf52/libsoc__arm__nordic_nrf__nrf52.a(soc.c.obj)
                0x0000000000001e94                arch_busy_wait
 .text.onoff_stop
                0x0000000000001ea8       0x30 zephyr/drivers/clock_control/libdrivers__clock_control.a(clock_control_nrf.c.obj)
 .text.onoff_start
                0x0000000000001ed8       0x44 zephyr/drivers/clock_control/libdrivers__clock_control.a(clock_control_nrf.c.obj)
 .text.clk_init
                0x0000000000001f1c       0x58 zephyr/drivers/clock_control/libdrivers__clock_control.a(clock_control_nrf.c.obj)
 .text.clkstarted_handle.constprop.0
                0x0000000000001f74       0x34 zephyr/drivers/clock_control/libdrivers__clock_control.a(clock_control_nrf.c.obj)
 .text.clock_event_handler
                0x0000000000001fa8       0x1c zephyr/drivers/clock_control/libdrivers__clock_control.a(clock_control_nrf.c.obj)
 .text.generic_hfclk_start
                0x0000000000001fc4       0x64 zephyr/drivers/clock_control/libdrivers__clock_control.a(clock_control_nrf.c.obj)
 .text.api_blocking_start
                0x0000000000002028       0x34 zephyr/drivers/clock_control/libdrivers__clock_control.a(clock_control_nrf.c.obj)
 .text.generic_hfclk_stop
                0x000000000000205c       0x34 zephyr/drivers/clock_control/libdrivers__clock_control.a(clock_control_nrf.c.obj)
 .text.z_nrf_clock_control_lf_on
                0x0000000000002090       0xfc zephyr/drivers/clock_control/libdrivers__clock_control.a(clock_control_nrf.c.obj)
                0x0000000000002090                z_nrf_clock_control_lf_on
 .text.uart_console_init
                0x000000000000218c       0x28 zephyr/drivers/console/libdrivers__console.a(uart_console.c.obj)
 .text.console_out
                0x00000000000021b4       0x28 zephyr/drivers/console/libdrivers__console.a(uart_console.c.obj)
 .text.gpio_nrfx_pin_interrupt_configure
                0x00000000000021dc       0xd4 zephyr/drivers/gpio/libdrivers__gpio.a(gpio_nrfx.c.obj)
 .text.gpio_nrfx_init
                0x00000000000022b0       0x38 zephyr/drivers/gpio/libdrivers__gpio.a(gpio_nrfx.c.obj)
 .text.nrfx_gpio_handler
                0x00000000000022e8       0x4c zephyr/drivers/gpio/libdrivers__gpio.a(gpio_nrfx.c.obj)
 .text.gpio_nrfx_pin_configure
                0x0000000000002334      0x128 zephyr/drivers/gpio/libdrivers__gpio.a(gpio_nrfx.c.obj)
 .text.pinctrl_configure_pins
                0x000000000000245c      0x174 zephyr/drivers/pinctrl/libdrivers__pinctrl.a(pinctrl_nrf.c.obj)
                0x000000000000245c                pinctrl_configure_pins
 .text.uarte_nrfx_configure
                0x00000000000025d0      0x168 zephyr/drivers/serial/libdrivers__serial.a(uart_nrfx_uarte.c.obj)
 .text.uarte_0_init
                0x0000000000002738      0x104 zephyr/drivers/serial/libdrivers__serial.a(uart_nrfx_uarte.c.obj)
 .text.uarte_nrfx_poll_out
                0x000000000000283c       0xcc zephyr/drivers/serial/libdrivers__serial.a(uart_nrfx_uarte.c.obj)
 .text.compare_int_lock
                0x0000000000002908       0x48 zephyr/drivers/timer/libdrivers__timer.a(nrf_rtc_timer.c.obj)
 .text.sys_clock_timeout_handler
                0x0000000000002950       0x48 zephyr/drivers/timer/libdrivers__timer.a(nrf_rtc_timer.c.obj)
 .text.compare_int_unlock
                0x0000000000002998       0x5c zephyr/drivers/timer/libdrivers__timer.a(nrf_rtc_timer.c.obj)
 .text.z_nrf_rtc_timer_read
                0x00000000000029f4       0x44 zephyr/drivers/timer/libdrivers__timer.a(nrf_rtc_timer.c.obj)
                0x00000000000029f4                z_nrf_rtc_timer_read
 .text.compare_set
                0x0000000000002a38      0x11c zephyr/drivers/timer/libdrivers__timer.a(nrf_rtc_timer.c.obj)
 .text.sys_clock_driver_init
                0x0000000000002b54       0x8c zephyr/drivers/timer/libdrivers__timer.a(nrf_rtc_timer.c.obj)
 .text.rtc_nrf_isr
                0x0000000000002be0       0xd4 zephyr/drivers/timer/libdrivers__timer.a(nrf_rtc_timer.c.obj)
                0x0000000000002be0                rtc_nrf_isr
 .text.sys_clock_set_timeout
                0x0000000000002cb4       0x64 zephyr/drivers/timer/libdrivers__timer.a(nrf_rtc_timer.c.obj)
                0x0000000000002cb4                sys_clock_set_timeout
 .text.sys_clock_elapsed
                0x0000000000002d18       0x14 zephyr/drivers/timer/libdrivers__timer.a(nrf_rtc_timer.c.obj)
                0x0000000000002d18                sys_clock_elapsed
 .text.sys_clock_disable
                0x0000000000002d2c       0x30 zephyr/drivers/timer/libdrivers__timer.a(nrf_rtc_timer.c.obj)
                0x0000000000002d2c                sys_clock_disable
 .text.k_sys_fatal_error_handler
                0x0000000000002d5c       0x14 modules/nrf/lib/fatal_error/lib..__nrf__lib__fatal_error.a(fatal_error.c.obj)
                0x0000000000002d5c                k_sys_fatal_error_handler
 .text.nrf52_errata_98
                0x0000000000002d70       0x24 modules/hal_nordic/nrfx/libmodules__hal_nordic__nrfx.a(system_nrf52840.c.obj)
 .text.nvmc_wait
                0x0000000000002d94       0x10 modules/hal_nordic/nrfx/libmodules__hal_nordic__nrfx.a(system_nrf52840.c.obj)
                0x0000000000002d94                nvmc_wait
 .text.SystemInit
                0x0000000000002da4      0x1bc modules/hal_nordic/nrfx/libmodules__hal_nordic__nrfx.a(system_nrf52840.c.obj)
                0x0000000000002da4                SystemInit
 .text.nrfx_flag32_alloc
                0x0000000000002f60       0x40 modules/hal_nordic/nrfx/libmodules__hal_nordic__nrfx.a(nrfx_flag32_allocator.c.obj)
                0x0000000000002f60                nrfx_flag32_alloc
 .text.nrfx_flag32_free
                0x0000000000002fa0       0x40 modules/hal_nordic/nrfx/libmodules__hal_nordic__nrfx.a(nrfx_flag32_allocator.c.obj)
                0x0000000000002fa0                nrfx_flag32_free
 .text.clock_stop
                0x0000000000002fe0       0xc8 modules/hal_nordic/nrfx/libmodules__hal_nordic__nrfx.a(nrfx_clock.c.obj)
 .text.nrfx_clock_init
                0x00000000000030a8       0x20 modules/hal_nordic/nrfx/libmodules__hal_nordic__nrfx.a(nrfx_clock.c.obj)
                0x00000000000030a8                nrfx_clock_init
 .text.nrfx_power_clock_irq_handler
                0x00000000000030c8       0x68 modules/hal_nordic/nrfx/libmodules__hal_nordic__nrfx.a(nrfx_clock.c.obj)
                0x00000000000030c8                nrfx_power_clock_irq_handler
 .text.nrf_gpio_pin_port_decode
                0x0000000000003130       0x1c modules/hal_nordic/nrfx/libmodules__hal_nordic__nrfx.a(nrfx_gpiote.c.obj)
 .text.pin_in_use_by_te
                0x000000000000314c       0x14 modules/hal_nordic/nrfx/libmodules__hal_nordic__nrfx.a(nrfx_gpiote.c.obj)
 .text.call_handler
                0x0000000000003160       0x3c modules/hal_nordic/nrfx/libmodules__hal_nordic__nrfx.a(nrfx_gpiote.c.obj)
 .text.release_handler
                0x000000000000319c       0x54 modules/hal_nordic/nrfx/libmodules__hal_nordic__nrfx.a(nrfx_gpiote.c.obj)
 .text.pin_handler_trigger_uninit
                0x00000000000031f0       0x38 modules/hal_nordic/nrfx/libmodules__hal_nordic__nrfx.a(nrfx_gpiote.c.obj)
 .text.nrfx_gpiote_input_configure
                0x0000000000003228      0x15c modules/hal_nordic/nrfx/libmodules__hal_nordic__nrfx.a(nrfx_gpiote.c.obj)
                0x0000000000003228                nrfx_gpiote_input_configure
 .text.nrfx_gpiote_output_configure
                0x0000000000003384       0xe4 modules/hal_nordic/nrfx/libmodules__hal_nordic__nrfx.a(nrfx_gpiote.c.obj)
                0x0000000000003384                nrfx_gpiote_output_configure
 .text.nrfx_gpiote_global_callback_set
                0x0000000000003468        0xc modules/hal_nordic/nrfx/libmodules__hal_nordic__nrfx.a(nrfx_gpiote.c.obj)
                0x0000000000003468                nrfx_gpiote_global_callback_set
 .text.nrfx_gpiote_channel_get
                0x0000000000003474       0x2c modules/hal_nordic/nrfx/libmodules__hal_nordic__nrfx.a(nrfx_gpiote.c.obj)
                0x0000000000003474                nrfx_gpiote_channel_get
 .text.nrfx_gpiote_init
                0x00000000000034a0       0x50 modules/hal_nordic/nrfx/libmodules__hal_nordic__nrfx.a(nrfx_gpiote.c.obj)
                0x00000000000034a0                nrfx_gpiote_init
 .text.nrfx_gpiote_is_init
                0x00000000000034f0       0x14 modules/hal_nordic/nrfx/libmodules__hal_nordic__nrfx.a(nrfx_gpiote.c.obj)
                0x00000000000034f0                nrfx_gpiote_is_init
 .text.nrfx_gpiote_channel_free
                0x0000000000003504        0xc modules/hal_nordic/nrfx/libmodules__hal_nordic__nrfx.a(nrfx_gpiote.c.obj)
                0x0000000000003504                nrfx_gpiote_channel_free
 .text.nrfx_gpiote_channel_alloc
                0x0000000000003510        0xc modules/hal_nordic/nrfx/libmodules__hal_nordic__nrfx.a(nrfx_gpiote.c.obj)
                0x0000000000003510                nrfx_gpiote_channel_alloc
 .text.nrfx_gpiote_trigger_enable
                0x000000000000351c       0x90 modules/hal_nordic/nrfx/libmodules__hal_nordic__nrfx.a(nrfx_gpiote.c.obj)
                0x000000000000351c                nrfx_gpiote_trigger_enable
 .text.nrfx_gpiote_trigger_disable
                0x00000000000035ac       0x50 modules/hal_nordic/nrfx/libmodules__hal_nordic__nrfx.a(nrfx_gpiote.c.obj)
                0x00000000000035ac                nrfx_gpiote_trigger_disable
 .text.nrfx_gpiote_pin_uninit
                0x00000000000035fc       0x48 modules/hal_nordic/nrfx/libmodules__hal_nordic__nrfx.a(nrfx_gpiote.c.obj)
                0x00000000000035fc                nrfx_gpiote_pin_uninit
 .text.nrfx_gpiote_irq_handler
                0x0000000000003644      0x1bc modules/hal_nordic/nrfx/libmodules__hal_nordic__nrfx.a(nrfx_gpiote.c.obj)
                0x0000000000003644                nrfx_gpiote_irq_handler
 .text.nrfx_ppi_channel_alloc
                0x0000000000003800        0xc modules/hal_nordic/nrfx/libmodules__hal_nordic__nrfx.a(nrfx_ppi.c.obj)
                0x0000000000003800                nrfx_ppi_channel_alloc
 .text._DoInit  0x000000000000380c       0x6c modules/segger/libmodules__segger.a(SEGGER_RTT.c.obj)
 .text.z_fatal_error
                0x0000000000003878       0x98 zephyr/kernel/libkernel.a(fatal.c.obj)
                0x0000000000003878                z_fatal_error
 .text.z_sys_init_run_level
                0x0000000000003910       0x48 zephyr/kernel/libkernel.a(init.c.obj)
 .text.bg_thread_main
                0x0000000000003958       0x34 zephyr/kernel/libkernel.a(init.c.obj)
 .text.z_bss_zero
                0x000000000000398c       0x18 zephyr/kernel/libkernel.a(init.c.obj)
                0x000000000000398c                z_bss_zero
 .text.z_init_cpu
                0x00000000000039a4       0x70 zephyr/kernel/libkernel.a(init.c.obj)
                0x00000000000039a4                z_init_cpu
 .text.z_cstart
                0x0000000000003a14       0xdc zephyr/kernel/libkernel.a(init.c.obj)
                0x0000000000003a14                z_cstart
 .text.init_mem_slab_module
                0x0000000000003af0       0x24 zephyr/kernel/libkernel.a(mem_slab.c.obj)
 .text.k_mem_slab_alloc
                0x0000000000003b14       0x5c zephyr/kernel/libkernel.a(mem_slab.c.obj)
                0x0000000000003b14                k_mem_slab_alloc
 .text.z_setup_new_thread
                0x0000000000003b70       0x64 zephyr/kernel/libkernel.a(thread.c.obj)
                0x0000000000003b70                z_setup_new_thread
 .text.z_init_static_threads
                0x0000000000003bd4       0xb8 zephyr/kernel/libkernel.a(thread.c.obj)
                0x0000000000003bd4                z_init_static_threads
 .text.idle     0x0000000000003c8c       0x38 zephyr/kernel/libkernel.a(idle.c.obj)
                0x0000000000003c8c                idle
 .text.z_impl_k_mutex_lock
                0x0000000000003cc4       0xf4 zephyr/kernel/libkernel.a(mutex.c.obj)
                0x0000000000003cc4                z_impl_k_mutex_lock
 .text.z_impl_k_mutex_unlock
                0x0000000000003db8       0x78 zephyr/kernel/libkernel.a(mutex.c.obj)
                0x0000000000003db8                z_impl_k_mutex_unlock
 .text.z_impl_k_sem_give
                0x0000000000003e30       0x40 zephyr/kernel/libkernel.a(sem.c.obj)
                0x0000000000003e30                z_impl_k_sem_give
 .text.z_impl_k_sem_take
                0x0000000000003e70       0x50 zephyr/kernel/libkernel.a(sem.c.obj)
                0x0000000000003e70                z_impl_k_sem_take
 .text.sliceable
                0x0000000000003ec0       0x3c zephyr/kernel/libkernel.a(sched.c.obj)
 .text.slice_timeout
                0x0000000000003efc       0x20 zephyr/kernel/libkernel.a(sched.c.obj)
 .text.z_reset_time_slice
                0x0000000000003f1c       0x50 zephyr/kernel/libkernel.a(sched.c.obj)
                0x0000000000003f1c                z_reset_time_slice
 .text.update_cache
                0x0000000000003f6c       0x3c zephyr/kernel/libkernel.a(sched.c.obj)
 .text.move_thread_to_end_of_prio_q
                0x0000000000003fa8       0x74 zephyr/kernel/libkernel.a(sched.c.obj)
 .text.ready_thread
                0x000000000000401c       0x68 zephyr/kernel/libkernel.a(sched.c.obj)
 .text.unready_thread
                0x0000000000004084       0x30 zephyr/kernel/libkernel.a(sched.c.obj)
 .text.pend_locked
                0x00000000000040b4       0x30 zephyr/kernel/libkernel.a(sched.c.obj)
 .text.z_time_slice
                0x00000000000040e4       0x60 zephyr/kernel/libkernel.a(sched.c.obj)
                0x00000000000040e4                z_time_slice
 .text.z_pend_curr
                0x0000000000004144       0x3c zephyr/kernel/libkernel.a(sched.c.obj)
                0x0000000000004144                z_pend_curr
 .text.z_set_prio
                0x0000000000004180       0x8c zephyr/kernel/libkernel.a(sched.c.obj)
                0x0000000000004180                z_set_prio
 .text.z_reschedule
                0x000000000000420c       0x24 zephyr/kernel/libkernel.a(sched.c.obj)
                0x000000000000420c                z_reschedule
 .text.z_sched_start
                0x0000000000004230       0x3c zephyr/kernel/libkernel.a(sched.c.obj)
                0x0000000000004230                z_sched_start
 .text.z_impl_k_thread_suspend
                0x000000000000426c       0x64 zephyr/kernel/libkernel.a(sched.c.obj)
                0x000000000000426c                z_impl_k_thread_suspend
 .text.k_sched_lock
                0x00000000000042d0       0x28 zephyr/kernel/libkernel.a(sched.c.obj)
                0x00000000000042d0                k_sched_lock
 .text.k_sched_unlock
                0x00000000000042f8       0x38 zephyr/kernel/libkernel.a(sched.c.obj)
                0x00000000000042f8                k_sched_unlock
 .text.z_sched_init
                0x0000000000004330       0x10 zephyr/kernel/libkernel.a(sched.c.obj)
                0x0000000000004330                z_sched_init
 .text.z_impl_k_yield
                0x0000000000004340       0x7c zephyr/kernel/libkernel.a(sched.c.obj)
                0x0000000000004340                z_impl_k_yield
 .text.z_tick_sleep
                0x00000000000043bc       0x88 zephyr/kernel/libkernel.a(sched.c.obj)
 .text.z_impl_k_sleep
                0x0000000000004444       0x34 zephyr/kernel/libkernel.a(sched.c.obj)
                0x0000000000004444                z_impl_k_sleep
 .text.z_impl_z_current_get
                0x0000000000004478        0xc zephyr/kernel/libkernel.a(sched.c.obj)
                0x0000000000004478                z_impl_z_current_get
 .text.z_thread_abort
                0x0000000000004484       0xc0 zephyr/kernel/libkernel.a(sched.c.obj)
                0x0000000000004484                z_thread_abort
 .text.z_data_copy
                0x0000000000004544       0x34 zephyr/kernel/libkernel.a(xip.c.obj)
                0x0000000000004544                z_data_copy
 .text.elapsed  0x0000000000004578       0x14 zephyr/kernel/libkernel.a(timeout.c.obj)
 .text.next_timeout
                0x000000000000458c       0x40 zephyr/kernel/libkernel.a(timeout.c.obj)
 .text.remove_timeout
                0x00000000000045cc       0x38 zephyr/kernel/libkernel.a(timeout.c.obj)
 .text.z_add_timeout
                0x0000000000004604       0xec zephyr/kernel/libkernel.a(timeout.c.obj)
                0x0000000000004604                z_add_timeout
 .text.sys_clock_announce
                0x00000000000046f0       0xd4 zephyr/kernel/libkernel.a(timeout.c.obj)
                0x00000000000046f0                sys_clock_announce
 .text.sys_clock_tick_get
                0x00000000000047c4       0x34 zephyr/kernel/libkernel.a(timeout.c.obj)
                0x00000000000047c4                sys_clock_tick_get
 .text.boot_banner
                0x00000000000047f8        0xc zephyr/kernel/libkernel.a(banner.c.obj)
                0x00000000000047f8                boot_banner
 .text.nrf_cc3xx_platform_init_no_rng
                0x0000000000004804       0x38 /home/mtp/ncs/v2.4.2/nrfxlib/crypto/nrf_cc310_platform/lib/cortex-m4/soft-float/no-interrupts/libnrf_cc310_platform_0.9.17.a(nrf_cc3xx_platform.c.obj)
                0x0000000000004804                nrf_cc3xx_platform_init_no_rng
 .text.nrf_cc3xx_platform_abort
                0x000000000000483c       0x24 /home/mtp/ncs/v2.4.2/nrfxlib/crypto/nrf_cc310_platform/lib/cortex-m4/soft-float/no-interrupts/libnrf_cc310_platform_0.9.17.a(nrf_cc3xx_platform_abort.c.obj)
 .text.CC_PalAbort
                0x0000000000004860       0x34 /home/mtp/ncs/v2.4.2/nrfxlib/crypto/nrf_cc310_platform/lib/cortex-m4/soft-float/no-interrupts/libnrf_cc310_platform_0.9.17.a(nrf_cc3xx_platform_abort.c.obj)
                0x0000000000004860                CC_PalAbort
 .text.nrf_cc3xx_platform_set_abort
                0x0000000000004894       0x10 /home/mtp/ncs/v2.4.2/nrfxlib/crypto/nrf_cc310_platform/lib/cortex-m4/soft-float/no-interrupts/libnrf_cc310_platform_0.9.17.a(nrf_cc3xx_platform_abort.c.obj)
                0x0000000000004894                nrf_cc3xx_platform_set_abort
 .text.mutex_free
                0x00000000000048a4       0x34 /home/mtp/ncs/v2.4.2/nrfxlib/crypto/nrf_cc310_platform/lib/cortex-m4/soft-float/no-interrupts/libnrf_cc310_platform_0.9.17.a(nrf_cc3xx_platform_mutex.c.obj)
 .text.mutex_lock
                0x00000000000048d8       0x48 /home/mtp/ncs/v2.4.2/nrfxlib/crypto/nrf_cc310_platform/lib/cortex-m4/soft-float/no-interrupts/libnrf_cc310_platform_0.9.17.a(nrf_cc3xx_platform_mutex.c.obj)
 .text.mutex_unlock
                0x0000000000004920       0x38 /home/mtp/ncs/v2.4.2/nrfxlib/crypto/nrf_cc310_platform/lib/cortex-m4/soft-float/no-interrupts/libnrf_cc310_platform_0.9.17.a(nrf_cc3xx_platform_mutex.c.obj)
 .text.mutex_init
                0x0000000000004958       0x20 /home/mtp/ncs/v2.4.2/nrfxlib/crypto/nrf_cc310_platform/lib/cortex-m4/soft-float/no-interrupts/libnrf_cc310_platform_0.9.17.a(nrf_cc3xx_platform_mutex.c.obj)
 .text.nrf_cc3xx_platform_set_mutexes
                0x0000000000004978       0x74 /home/mtp/ncs/v2.4.2/nrfxlib/crypto/nrf_cc310_platform/lib/cortex-m4/soft-float/no-interrupts/libnrf_cc310_platform_0.9.17.a(nrf_cc3xx_platform_mutex.c.obj)
                0x0000000000004978                nrf_cc3xx_platform_set_mutexes
 .text.CC_LibInitNoRng
                0x00000000000049ec       0x64 /home/mtp/ncs/v2.4.2/nrfxlib/crypto/nrf_cc310_platform/lib/cortex-m4/soft-float/no-interrupts/libnrf_cc310_platform_0.9.17.a(cc_lib.c.obj)
                0x00000000000049ec                CC_LibInitNoRng
 .text.CC_HalInit
                0x0000000000004a50        0x4 /home/mtp/ncs/v2.4.2/nrfxlib/crypto/nrf_cc310_platform/lib/cortex-m4/soft-float/no-interrupts/libnrf_cc310_platform_0.9.17.a(cc_hal.c.obj)
                0x0000000000004a50                CC_HalInit
 .text.CC_HalTerminate
                0x0000000000004a54        0x4 /home/mtp/ncs/v2.4.2/nrfxlib/crypto/nrf_cc310_platform/lib/cortex-m4/soft-float/no-interrupts/libnrf_cc310_platform_0.9.17.a(cc_hal.c.obj)
                0x0000000000004a54                CC_HalTerminate
 .text.CC_HalMaskInterrupt
                0x0000000000004a58        0xc /home/mtp/ncs/v2.4.2/nrfxlib/crypto/nrf_cc310_platform/lib/cortex-m4/soft-float/no-interrupts/libnrf_cc310_platform_0.9.17.a(cc_hal.c.obj)
                0x0000000000004a58                CC_HalMaskInterrupt
 .text.CC_PalInit
                0x0000000000004a64       0x5c /home/mtp/ncs/v2.4.2/nrfxlib/crypto/nrf_cc310_platform/lib/cortex-m4/soft-float/no-interrupts/libnrf_cc310_platform_0.9.17.a(cc_pal.c.obj)
                0x0000000000004a64                CC_PalInit
 .text.CC_PalTerminate
                0x0000000000004ac0       0x34 /home/mtp/ncs/v2.4.2/nrfxlib/crypto/nrf_cc310_platform/lib/cortex-m4/soft-float/no-interrupts/libnrf_cc310_platform_0.9.17.a(cc_pal.c.obj)
                0x0000000000004ac0                CC_PalTerminate
 .text.CC_PalDmaInit
                0x0000000000004af4        0x4 /home/mtp/ncs/v2.4.2/nrfxlib/crypto/nrf_cc310_platform/lib/cortex-m4/soft-float/no-interrupts/libnrf_cc310_platform_0.9.17.a(cc_pal_dma.c.obj)
                0x0000000000004af4                CC_PalDmaInit
 .text.CC_PalDmaTerminate
                0x0000000000004af8        0x4 /home/mtp/ncs/v2.4.2/nrfxlib/crypto/nrf_cc310_platform/lib/cortex-m4/soft-float/no-interrupts/libnrf_cc310_platform_0.9.17.a(cc_pal_dma.c.obj)
                0x0000000000004af8                CC_PalDmaTerminate
 .text.CC_PalMutexCreate
                0x0000000000004afc       0x14 /home/mtp/ncs/v2.4.2/nrfxlib/crypto/nrf_cc310_platform/lib/cortex-m4/soft-float/no-interrupts/libnrf_cc310_platform_0.9.17.a(cc_pal_mutex.c.obj)
                0x0000000000004afc                CC_PalMutexCreate
 .text.CC_PalMutexDestroy
                0x0000000000004b10       0x14 /home/mtp/ncs/v2.4.2/nrfxlib/crypto/nrf_cc310_platform/lib/cortex-m4/soft-float/no-interrupts/libnrf_cc310_platform_0.9.17.a(cc_pal_mutex.c.obj)
                0x0000000000004b10                CC_PalMutexDestroy
 .text.CC_PalPowerSaveModeInit
                0x0000000000004b24       0x3c /home/mtp/ncs/v2.4.2/nrfxlib/crypto/nrf_cc310_platform/lib/cortex-m4/soft-float/no-interrupts/libnrf_cc310_platform_0.9.17.a(cc_pal_pm.c.obj)
                0x0000000000004b24                CC_PalPowerSaveModeInit
 .text.CC_PalPowerSaveModeSelect
                0x0000000000004b60       0x84 /home/mtp/ncs/v2.4.2/nrfxlib/crypto/nrf_cc310_platform/lib/cortex-m4/soft-float/no-interrupts/libnrf_cc310_platform_0.9.17.a(cc_pal_pm.c.obj)
                0x0000000000004b60                CC_PalPowerSaveModeSelect
 .text.gpio_pin_configure_dt
                0x0000000000004be4       0x3e app/libapp.a(main.c.obj)
 .text.arch_printk_char_out
                0x0000000000004c22        0x4 zephyr/libzephyr.a(printk.c.obj)
                0x0000000000004c22                arch_printk_char_out
 .text.printk   0x0000000000004c26       0x1a zephyr/libzephyr.a(printk.c.obj)
                0x0000000000004c26                printk
 .text.z_thread_entry
                0x0000000000004c40       0x14 zephyr/libzephyr.a(thread_entry.c.obj)
                0x0000000000004c40                z_thread_entry
 .text.process_recheck
                0x0000000000004c54       0x38 zephyr/libzephyr.a(onoff.c.obj)
 .text.validate_args
                0x0000000000004c8c       0x20 zephyr/libzephyr.a(onoff.c.obj)
 .text.notify_one
                0x0000000000004cac       0x2c zephyr/libzephyr.a(onoff.c.obj)
 .text.transition_complete
                0x0000000000004cd8       0x1c zephyr/libzephyr.a(onoff.c.obj)
 .text.onoff_manager_init
                0x0000000000004cf4       0x26 zephyr/libzephyr.a(onoff.c.obj)
                0x0000000000004cf4                onoff_manager_init
 .text.onoff_request
                0x0000000000004d1a       0xb0 zephyr/libzephyr.a(onoff.c.obj)
                0x0000000000004d1a                onoff_request
 .text.sys_notify_validate
                0x0000000000004dca       0x22 zephyr/libzephyr.a(notify.c.obj)
                0x0000000000004dca                sys_notify_validate
 .text.sys_notify_finalize
                0x0000000000004dec       0x1a zephyr/libzephyr.a(notify.c.obj)
                0x0000000000004dec                sys_notify_finalize
 .text.encode_uint
                0x0000000000004e06       0x8c zephyr/libzephyr.a(cbprintf_complete.c.obj)
 .text.outs     0x0000000000004e92       0x2e zephyr/libzephyr.a(cbprintf_complete.c.obj)
 .text._ConfigAbsSyms
                0x0000000000004ec0        0x2 zephyr/libzephyr.a(configs.c.obj)
                0x0000000000004ec0                _ConfigAbsSyms
 .text.z_log_minimal_printk
                0x0000000000004ec2       0x1a zephyr/libzephyr.a(log_minimal.c.obj)
                0x0000000000004ec2                z_log_minimal_printk
 .text.abort_function
                0x0000000000004edc        0x8 zephyr/libzephyr.a(nrf_cc3xx_platform_abort_zephyr.c.obj)
 .text.z_do_kernel_oops
                0x0000000000004ee4        0x8 zephyr/arch/arch/arm/core/aarch32/libarch__arm__core__aarch32.a(fatal.c.obj)
                0x0000000000004ee4                z_do_kernel_oops
 .text.z_irq_spurious
                0x0000000000004eec        0x8 zephyr/arch/arch/arm/core/aarch32/libarch__arm__core__aarch32.a(irq_manage.c.obj)
                0x0000000000004eec                z_irq_spurious
 .text.z_arm_nmi
                0x0000000000004ef4        0xe zephyr/arch/arch/arm/core/aarch32/libarch__arm__core__aarch32.a(nmi.c.obj)
                0x0000000000004ef4                z_arm_nmi
 .text.strcpy   0x0000000000004f02       0x14 zephyr/lib/libc/minimal/liblib__libc__minimal.a(string.c.obj)
                0x0000000000004f02                strcpy
 .text.strlen   0x0000000000004f16        0xe zephyr/lib/libc/minimal/liblib__libc__minimal.a(string.c.obj)
                0x0000000000004f16                strlen
 .text.strnlen  0x0000000000004f24       0x12 zephyr/lib/libc/minimal/liblib__libc__minimal.a(string.c.obj)
                0x0000000000004f24                strnlen
 .text.memcpy   0x0000000000004f36       0x16 zephyr/lib/libc/minimal/liblib__libc__minimal.a(string.c.obj)
                0x0000000000004f36                memcpy
 .text.memset   0x0000000000004f4c       0x12 zephyr/lib/libc/minimal/liblib__libc__minimal.a(string.c.obj)
                0x0000000000004f4c                memset
 .text._stdout_hook_default
                0x0000000000004f5e        0x6 zephyr/lib/libc/minimal/liblib__libc__minimal.a(stdout_console.c.obj)
 .text.pm_state_set
                0x0000000000004f64       0x18 zephyr/soc/arm/nordic_nrf/nrf52/libsoc__arm__nordic_nrf__nrf52.a(power.c.obj)
                0x0000000000004f64                pm_state_set
 .text.pm_state_exit_post_ops
                0x0000000000004f7c        0xc zephyr/soc/arm/nordic_nrf/nrf52/libsoc__arm__nordic_nrf__nrf52.a(power.c.obj)
                0x0000000000004f7c                pm_state_exit_post_ops
 .text.get_status
                0x0000000000004f88       0x12 zephyr/drivers/clock_control/libdrivers__clock_control.a(clock_control_nrf.c.obj)
 .text.set_on_state
                0x0000000000004f9a       0x26 zephyr/drivers/clock_control/libdrivers__clock_control.a(clock_control_nrf.c.obj)
 .text.stop     0x0000000000004fc0       0x52 zephyr/drivers/clock_control/libdrivers__clock_control.a(clock_control_nrf.c.obj)
 .text.api_stop
                0x0000000000005012        0x6 zephyr/drivers/clock_control/libdrivers__clock_control.a(clock_control_nrf.c.obj)
 .text.async_start
                0x0000000000005018       0x5c zephyr/drivers/clock_control/libdrivers__clock_control.a(clock_control_nrf.c.obj)
 .text.api_start
                0x0000000000005074        0xe zephyr/drivers/clock_control/libdrivers__clock_control.a(clock_control_nrf.c.obj)
 .text.onoff_started_callback
                0x0000000000005082       0x12 zephyr/drivers/clock_control/libdrivers__clock_control.a(clock_control_nrf.c.obj)
 .text.lfclk_start
                0x0000000000005094        0x6 zephyr/drivers/clock_control/libdrivers__clock_control.a(clock_control_nrf.c.obj)
 .text.lfclk_stop
                0x000000000000509a        0x6 zephyr/drivers/clock_control/libdrivers__clock_control.a(clock_control_nrf.c.obj)
 .text.blocking_start_callback
                0x00000000000050a0        0x6 zephyr/drivers/clock_control/libdrivers__clock_control.a(clock_control_nrf.c.obj)
 .text.gpio_nrfx_port_get_raw
                0x00000000000050a6        0xe zephyr/drivers/gpio/libdrivers__gpio.a(gpio_nrfx.c.obj)
 .text.gpio_nrfx_port_set_masked_raw
                0x00000000000050b4       0x18 zephyr/drivers/gpio/libdrivers__gpio.a(gpio_nrfx.c.obj)
 .text.gpio_nrfx_port_set_bits_raw
                0x00000000000050cc        0xc zephyr/drivers/gpio/libdrivers__gpio.a(gpio_nrfx.c.obj)
 .text.gpio_nrfx_port_clear_bits_raw
                0x00000000000050d8        0xc zephyr/drivers/gpio/libdrivers__gpio.a(gpio_nrfx.c.obj)
 .text.gpio_nrfx_port_toggle_bits
                0x00000000000050e4       0x1a zephyr/drivers/gpio/libdrivers__gpio.a(gpio_nrfx.c.obj)
 .text.gpio_nrfx_manage_callback
                0x00000000000050fe       0x52 zephyr/drivers/gpio/libdrivers__gpio.a(gpio_nrfx.c.obj)
 .text.pinctrl_lookup_state
                0x0000000000005150       0x26 zephyr/drivers/pinctrl/libdrivers__pinctrl.a(common.c.obj)
                0x0000000000005150                pinctrl_lookup_state
 .text.uarte_nrfx_config_get
                0x0000000000005176       0x10 zephyr/drivers/serial/libdrivers__serial.a(uart_nrfx_uarte.c.obj)
 .text.uarte_nrfx_err_check
                0x0000000000005186        0xe zephyr/drivers/serial/libdrivers__serial.a(uart_nrfx_uarte.c.obj)
 .text.uarte_nrfx_poll_in
                0x0000000000005194       0x28 zephyr/drivers/serial/libdrivers__serial.a(uart_nrfx_uarte.c.obj)
 .text.is_tx_ready.isra.0
                0x00000000000051bc       0x20 zephyr/drivers/serial/libdrivers__serial.a(uart_nrfx_uarte.c.obj)
 .text.uarte_nrfx_isr_int
                0x00000000000051dc       0x72 zephyr/drivers/serial/libdrivers__serial.a(uart_nrfx_uarte.c.obj)
 .text.sys_clock_idle_exit
                0x000000000000524e        0x2 zephyr/drivers/timer/libdrivers__timer.a(sys_clock_init.c.obj)
                0x000000000000524e                sys_clock_idle_exit
 .text.event_clear
                0x0000000000005250       0x18 zephyr/drivers/timer/libdrivers__timer.a(nrf_rtc_timer.c.obj)
 .text.hw_cc3xx_init_internal
                0x0000000000005268        0x4 modules/nrf/drivers/hw_cc310/lib..__nrf__drivers__hw_cc310.a(hw_cc310.c.obj)
 .text.hw_cc3xx_init
                0x000000000000526c       0x12 modules/nrf/drivers/hw_cc310/lib..__nrf__drivers__hw_cc310.a(hw_cc310.c.obj)
 .text.nrfx_isr
                0x000000000000527e        0x2 modules/hal_nordic/nrfx/libmodules__hal_nordic__nrfx.a(nrfx_glue.c.obj)
                0x000000000000527e                nrfx_isr
 .text.nrfx_busy_wait
                0x0000000000005280        0x4 modules/hal_nordic/nrfx/libmodules__hal_nordic__nrfx.a(nrfx_glue.c.obj)
                0x0000000000005280                nrfx_busy_wait
 .text.nrfx_clock_enable
                0x0000000000005284       0x1a modules/hal_nordic/nrfx/libmodules__hal_nordic__nrfx.a(nrfx_clock.c.obj)
                0x0000000000005284                nrfx_clock_enable
 .text.nrfx_clock_start
                0x000000000000529e       0x78 modules/hal_nordic/nrfx/libmodules__hal_nordic__nrfx.a(nrfx_clock.c.obj)
                0x000000000000529e                nrfx_clock_start
 .text.nrfx_clock_stop
                0x0000000000005316        0x4 modules/hal_nordic/nrfx/libmodules__hal_nordic__nrfx.a(nrfx_clock.c.obj)
                0x0000000000005316                nrfx_clock_stop
 .text.nrf_gpio_reconfigure
                0x000000000000531a       0x92 modules/hal_nordic/nrfx/libmodules__hal_nordic__nrfx.a(nrfx_gpiote.c.obj)
 .text.nrf_gpio_cfg_sense_set
                0x00000000000053ac       0x1e modules/hal_nordic/nrfx/libmodules__hal_nordic__nrfx.a(nrfx_gpiote.c.obj)
 .text.SEGGER_RTT_Init
                0x00000000000053ca        0x4 modules/segger/libmodules__segger.a(SEGGER_RTT.c.obj)
                0x00000000000053ca                SEGGER_RTT_Init
 .text.rtt_init
                0x00000000000053ce        0xa modules/segger/libmodules__segger.a(SEGGER_RTT_zephyr.c.obj)
 .text.z_device_state_init
                0x00000000000053d8        0x2 zephyr/kernel/libkernel.a(device.c.obj)
                0x00000000000053d8                z_device_state_init
 .text.z_device_is_ready
                0x00000000000053da       0x16 zephyr/kernel/libkernel.a(device.c.obj)
                0x00000000000053da                z_device_is_ready
 .text.z_early_memset
                0x00000000000053f0        0x4 zephyr/kernel/libkernel.a(init.c.obj)
                0x00000000000053f0                z_early_memset
 .text.z_early_memcpy
                0x00000000000053f4        0x4 zephyr/kernel/libkernel.a(init.c.obj)
                0x00000000000053f4                z_early_memcpy
 .text.create_free_list
                0x00000000000053f8       0x2c zephyr/kernel/libkernel.a(mem_slab.c.obj)
 .text.k_mem_slab_init
                0x0000000000005424       0x1c zephyr/kernel/libkernel.a(mem_slab.c.obj)
                0x0000000000005424                k_mem_slab_init
 .text.k_mem_slab_free
                0x0000000000005440       0x52 zephyr/kernel/libkernel.a(mem_slab.c.obj)
                0x0000000000005440                k_mem_slab_free
 .text.k_is_in_isr
                0x0000000000005492        0xc zephyr/kernel/libkernel.a(thread.c.obj)
                0x0000000000005492                k_is_in_isr
 .text.k_thread_name_get
                0x000000000000549e        0x4 zephyr/kernel/libkernel.a(thread.c.obj)
                0x000000000000549e                k_thread_name_get
 .text.z_pm_save_idle_exit
                0x00000000000054a2        0xe zephyr/kernel/libkernel.a(idle.c.obj)
                0x00000000000054a2                z_pm_save_idle_exit
 .text.adjust_owner_prio.isra.0
                0x00000000000054b0       0x10 zephyr/kernel/libkernel.a(mutex.c.obj)
 .text.z_impl_k_mutex_init
                0x00000000000054c0        0xe zephyr/kernel/libkernel.a(mutex.c.obj)
                0x00000000000054c0                z_impl_k_mutex_init
 .text.sys_dlist_remove
                0x00000000000054ce       0x10 zephyr/kernel/libkernel.a(sched.c.obj)
 .text.unpend_thread_no_timeout
                0x00000000000054de       0x14 zephyr/kernel/libkernel.a(sched.c.obj)
 .text.add_to_waitq_locked
                0x00000000000054f2       0x50 zephyr/kernel/libkernel.a(sched.c.obj)
 .text.z_ready_thread
                0x0000000000005542       0x20 zephyr/kernel/libkernel.a(sched.c.obj)
                0x0000000000005542                z_ready_thread
 .text.z_sched_wake_thread
                0x0000000000005562       0x44 zephyr/kernel/libkernel.a(sched.c.obj)
                0x0000000000005562                z_sched_wake_thread
 .text.z_thread_timeout
                0x00000000000055a6        0x8 zephyr/kernel/libkernel.a(sched.c.obj)
                0x00000000000055a6                z_thread_timeout
 .text.z_unpend_first_thread
                0x00000000000055ae       0x38 zephyr/kernel/libkernel.a(sched.c.obj)
                0x00000000000055ae                z_unpend_first_thread
 .text.z_reschedule_irqlock
                0x00000000000055e6       0x18 zephyr/kernel/libkernel.a(sched.c.obj)
                0x00000000000055e6                z_reschedule_irqlock
 .text.z_reschedule_unlocked
                0x00000000000055fe       0x14 zephyr/kernel/libkernel.a(sched.c.obj)
 .text.z_abort_timeout
                0x0000000000005612       0x2c zephyr/kernel/libkernel.a(timeout.c.obj)
                0x0000000000005612                z_abort_timeout
 .text.z_get_next_timeout_expiry
                0x000000000000563e       0x20 zephyr/kernel/libkernel.a(timeout.c.obj)
                0x000000000000563e                z_get_next_timeout_expiry
 .text.sys_clock_tick_get_32
                0x000000000000565e        0x8 zephyr/kernel/libkernel.a(timeout.c.obj)
                0x000000000000565e                sys_clock_tick_get_32
 .text.z_impl_k_busy_wait
                0x0000000000005666        0x8 zephyr/kernel/libkernel.a(timeout.c.obj)
                0x0000000000005666                z_impl_k_busy_wait
 .text._OffsetAbsSyms
                0x000000000000566e        0x2 zephyr/CMakeFiles/offsets.dir/./arch/arm/core/offsets/offsets.c.obj
                0x000000000000566e                _OffsetAbsSyms
 *(SORT_BY_ALIGNMENT(.TEXT.*))
 *(SORT_BY_ALIGNMENT(.gnu.linkonce.t.*))
 *(SORT_BY_ALIGNMENT(.glue_7t))
 .glue_7t       0x0000000000005670        0x0 linker stubs
 *(SORT_BY_ALIGNMENT(.glue_7))
 .glue_7        0x0000000000005670        0x0 linker stubs
 *(SORT_BY_ALIGNMENT(.vfp11_veneer))
 .vfp11_veneer  0x0000000000005670        0x0 linker stubs
 *(SORT_BY_ALIGNMENT(.v4_bx))
 .v4_bx         0x0000000000005670        0x0 linker stubs
                0x0000000000005670                . = ALIGN (0x4)
                0x0000000000005670                __text_region_end = .

.ARM.exidx      0x0000000000005670        0x8
                0x0000000000005670                __exidx_start = .
 *(SORT_BY_ALIGNMENT(.ARM.exidx*) SORT_BY_ALIGNMENT(gnu.linkonce.armexidx.*))
 .ARM.exidx     0x0000000000005670        0x8 /home/mtp/ncs/toolchains/1f9b40e71a/opt/zephyr-sdk/arm-zephyr-eabi/bin/../lib/gcc/arm-zephyr-eabi/12.2.0/thumb/v7e-m/nofp/libgcc.a(_udivmoddi4.o)
                0x0000000000005678                __exidx_end = .
                0x0000000000005678                __rodata_region_start = .

initlevel       0x0000000000005678       0x58
                0x0000000000005678                __init_start = .
                0x0000000000005678                __init_EARLY_start = .
 *(SORT_BY_NAME(SORT_BY_ALIGNMENT(.z_init_EARLY[0-9]_*)))
 *(SORT_BY_NAME(SORT_BY_ALIGNMENT(.z_init_EARLY[1-9][0-9]_*)))
                0x0000000000005678                __init_PRE_KERNEL_1_start = .
 *(SORT_BY_NAME(SORT_BY_ALIGNMENT(.z_init_PRE_KERNEL_1[0-9]_*)))
 .z_init_PRE_KERNEL_10_
                0x0000000000005678        0x8 zephyr/soc/arm/nordic_nrf/nrf52/libsoc__arm__nordic_nrf__nrf52.a(soc.c.obj)
 *(SORT_BY_NAME(SORT_BY_ALIGNMENT(.z_init_PRE_KERNEL_1[1-9][0-9]_*)))
 .z_init_PRE_KERNEL_130_
                0x0000000000005680        0x8 zephyr/drivers/clock_control/libdrivers__clock_control.a(clock_control_nrf.c.obj)
 .z_init_PRE_KERNEL_130_
                0x0000000000005688        0x8 modules/segger/libmodules__segger.a(SEGGER_RTT_zephyr.c.obj)
 .z_init_PRE_KERNEL_130_
                0x0000000000005690        0x8 zephyr/kernel/libkernel.a(mem_slab.c.obj)
 .z_init_PRE_KERNEL_140_
                0x0000000000005698       0x10 zephyr/drivers/gpio/libdrivers__gpio.a(gpio_nrfx.c.obj)
 .z_init_PRE_KERNEL_140_
                0x00000000000056a8        0x8 modules/nrf/drivers/hw_cc310/lib..__nrf__drivers__hw_cc310.a(hw_cc310.c.obj)
 .z_init_PRE_KERNEL_155_
                0x00000000000056b0        0x8 zephyr/drivers/serial/libdrivers__serial.a(uart_nrfx_uarte.c.obj)
 .z_init_PRE_KERNEL_160_
                0x00000000000056b8        0x8 zephyr/drivers/console/libdrivers__console.a(uart_console.c.obj)
                0x00000000000056c0                __init_PRE_KERNEL_2_start = .
 *(SORT_BY_NAME(SORT_BY_ALIGNMENT(.z_init_PRE_KERNEL_2[0-9]_*)))
 .z_init_PRE_KERNEL_20_
                0x00000000000056c0        0x8 zephyr/drivers/timer/libdrivers__timer.a(nrf_rtc_timer.c.obj)
 *(SORT_BY_NAME(SORT_BY_ALIGNMENT(.z_init_PRE_KERNEL_2[1-9][0-9]_*)))
                0x00000000000056c8                __init_POST_KERNEL_start = .
 *(SORT_BY_NAME(SORT_BY_ALIGNMENT(.z_init_POST_KERNEL[0-9]_*)))
 *(SORT_BY_NAME(SORT_BY_ALIGNMENT(.z_init_POST_KERNEL[1-9][0-9]_*)))
 .z_init_POST_KERNEL40_
                0x00000000000056c8        0x8 modules/nrf/drivers/hw_cc310/lib..__nrf__drivers__hw_cc310.a(hw_cc310.c.obj)
                0x00000000000056d0                __init_APPLICATION_start = .
 *(SORT_BY_NAME(SORT_BY_ALIGNMENT(.z_init_APPLICATION[0-9]_*)))
 *(SORT_BY_NAME(SORT_BY_ALIGNMENT(.z_init_APPLICATION[1-9][0-9]_*)))
                0x00000000000056d0                __init_SMP_start = .
 *(SORT_BY_NAME(SORT_BY_ALIGNMENT(.z_init_SMP[0-9]_*)))
 *(SORT_BY_NAME(SORT_BY_ALIGNMENT(.z_init_SMP[1-9][0-9]_*)))
                0x00000000000056d0                __init_end = .

devices         0x00000000000056d0       0x60
                0x00000000000056d0                __device_start = .
                0x00000000000056d0                __device_EARLY_start = .
 *(SORT_BY_NAME(SORT_BY_ALIGNMENT(.z_device_EARLY[0-9]_*)))
 *(SORT_BY_NAME(SORT_BY_ALIGNMENT(.z_device_EARLY[1-9][0-9]_*)))
                0x00000000000056d0                __device_PRE_KERNEL_1_start = .
 *(SORT_BY_NAME(SORT_BY_ALIGNMENT(.z_device_PRE_KERNEL_1[0-9]_*)))
 *(SORT_BY_NAME(SORT_BY_ALIGNMENT(.z_device_PRE_KERNEL_1[1-9][0-9]_*)))
 .z_device_PRE_KERNEL_130_
                0x00000000000056d0       0x18 zephyr/drivers/clock_control/libdrivers__clock_control.a(clock_control_nrf.c.obj)
                0x00000000000056d0                __device_dts_ord_74
 .z_device_PRE_KERNEL_140_
                0x00000000000056e8       0x30 zephyr/drivers/gpio/libdrivers__gpio.a(gpio_nrfx.c.obj)
                0x00000000000056e8                __device_dts_ord_104
                0x0000000000005700                __device_dts_ord_11
 .z_device_PRE_KERNEL_155_
                0x0000000000005718       0x18 zephyr/drivers/serial/libdrivers__serial.a(uart_nrfx_uarte.c.obj)
                0x0000000000005718                __device_dts_ord_112
                0x0000000000005730                __device_PRE_KERNEL_2_start = .
 *(SORT_BY_NAME(SORT_BY_ALIGNMENT(.z_device_PRE_KERNEL_2[0-9]_*)))
 *(SORT_BY_NAME(SORT_BY_ALIGNMENT(.z_device_PRE_KERNEL_2[1-9][0-9]_*)))
                0x0000000000005730                __device_POST_KERNEL_start = .
 *(SORT_BY_NAME(SORT_BY_ALIGNMENT(.z_device_POST_KERNEL[0-9]_*)))
 *(SORT_BY_NAME(SORT_BY_ALIGNMENT(.z_device_POST_KERNEL[1-9][0-9]_*)))
                0x0000000000005730                __device_APPLICATION_start = .
 *(SORT_BY_NAME(SORT_BY_ALIGNMENT(.z_device_APPLICATION[0-9]_*)))
 *(SORT_BY_NAME(SORT_BY_ALIGNMENT(.z_device_APPLICATION[1-9][0-9]_*)))
                0x0000000000005730                __device_SMP_start = .
 *(SORT_BY_NAME(SORT_BY_ALIGNMENT(.z_device_SMP[0-9]_*)))
 *(SORT_BY_NAME(SORT_BY_ALIGNMENT(.z_device_SMP[1-9][0-9]_*)))
                0x0000000000005730                __device_end = .

sw_isr_table    0x0000000000005730      0x180
                0x0000000000005730                . = ALIGN (0x4)
 *(SORT_BY_ALIGNMENT(.gnu.linkonce.sw_isr_table*))
 .gnu.linkonce.sw_isr_table
                0x0000000000005730      0x180 zephyr/CMakeFiles/zephyr_final.dir/isr_tables.c.obj
                0x0000000000005730                _sw_isr_table

initlevel_error
                0x0000000000005678        0x0
 *(SORT_BY_NAME(SORT_BY_ALIGNMENT(.z_init_[_A-Z0-9]*)))
                0x0000000000000001                ASSERT ((SIZEOF (initlevel_error) == 0x0), Undefined initialization levels used.)

app_shmem_regions
                0x00000000000058b0        0x0
                0x00000000000058b0                __app_shmem_regions_start = .
 *(SORT_BY_NAME(SORT_BY_ALIGNMENT(.app_regions.*)))
                0x00000000000058b0                __app_shmem_regions_end = .

k_p4wq_initparam_area
                0x00000000000058b0        0x0
                0x00000000000058b0                _k_p4wq_initparam_list_start = .
 *(SORT_BY_NAME(SORT_BY_ALIGNMENT(._k_p4wq_initparam.static.*)))
                0x00000000000058b0                _k_p4wq_initparam_list_end = .

_static_thread_data_area
                0x00000000000058b0        0x0
                0x00000000000058b0                __static_thread_data_list_start = .
 *(SORT_BY_NAME(SORT_BY_ALIGNMENT(.__static_thread_data.static.*)))
                0x00000000000058b0                __static_thread_data_list_end = .

device_handles  0x00000000000058b0       0x18
                0x00000000000058b0                __device_handles_start = .
 *(SORT_BY_NAME(SORT_BY_ALIGNMENT(.__device_handles_pass2*)))
 .__device_handles_pass2
                0x00000000000058b0       0x18 zephyr/CMakeFiles/zephyr_final.dir/dev_handles.c.obj
                0x00000000000058b0                __devicehdl_dts_ord_112
                0x00000000000058b6                __devicehdl_dts_ord_11
                0x00000000000058bc                __devicehdl_dts_ord_104
                0x00000000000058c2                __devicehdl_dts_ord_74
                0x00000000000058c8                __device_handles_end = .

ztest           0x00000000000058c8        0x0
                0x00000000000058c8                _ztest_expected_result_entry_list_start = .
 *(SORT_BY_NAME(SORT_BY_ALIGNMENT(._ztest_expected_result_entry.static.*)))
                0x00000000000058c8                _ztest_expected_result_entry_list_end = .
                0x00000000000058c8                _ztest_suite_node_list_start = .
 *(SORT_BY_NAME(SORT_BY_ALIGNMENT(._ztest_suite_node.static.*)))
                0x00000000000058c8                _ztest_suite_node_list_end = .
                0x00000000000058c8                _ztest_unit_test_list_start = .
 *(SORT_BY_NAME(SORT_BY_ALIGNMENT(._ztest_unit_test.static.*)))
                0x00000000000058c8                _ztest_unit_test_list_end = .
                0x00000000000058c8                _ztest_test_rule_list_start = .
 *(SORT_BY_NAME(SORT_BY_ALIGNMENT(._ztest_test_rule.static.*)))
                0x00000000000058c8                _ztest_test_rule_list_end = .

bt_l2cap_fixed_chan_area
                0x00000000000058c8        0x0
                0x00000000000058c8                _bt_l2cap_fixed_chan_list_start = .
 *(SORT_BY_NAME(SORT_BY_ALIGNMENT(._bt_l2cap_fixed_chan.static.*)))
                0x00000000000058c8                _bt_l2cap_fixed_chan_list_end = .

bt_gatt_service_static_area
                0x00000000000058c8        0x0
                0x00000000000058c8                _bt_gatt_service_static_list_start = .
 *(SORT_BY_NAME(SORT_BY_ALIGNMENT(._bt_gatt_service_static.static.*)))
                0x00000000000058c8                _bt_gatt_service_static_list_end = .

log_strings_sections
                0x00000000000058c8        0x0
                0x00000000000058c8                __log_strings_start = .
 *(SORT_BY_NAME(SORT_BY_ALIGNMENT(.log_strings*)))
                0x00000000000058c8                __log_strings_end = .

log_const_sections
                0x00000000000058c8       0x60
                0x00000000000058c8                __log_const_start = .
 *(SORT_BY_NAME(SORT_BY_ALIGNMENT(.log_const_*)))
 .log_const_Less4_Exer3
                0x00000000000058c8        0x8 app/libapp.a(main.c.obj)
                0x00000000000058c8                log_const_Less4_Exer3
 .log_const_NRFX_CLOCK
                0x00000000000058d0        0x8 modules/hal_nordic/nrfx/libmodules__hal_nordic__nrfx.a(nrfx_clock.c.obj)
                0x00000000000058d0                log_const_NRFX_CLOCK
 .log_const_NRFX_GPIOTE
                0x00000000000058d8        0x8 modules/hal_nordic/nrfx/libmodules__hal_nordic__nrfx.a(nrfx_gpiote.c.obj)
                0x00000000000058d8                log_const_NRFX_GPIOTE
 .log_const_NRFX_PPI
                0x00000000000058e0        0x8 modules/hal_nordic/nrfx/libmodules__hal_nordic__nrfx.a(nrfx_ppi.c.obj)
                0x00000000000058e0                log_const_NRFX_PPI
 .log_const_cbprintf_package
                0x00000000000058e8        0x8 zephyr/libzephyr.a(cbprintf_packaged.c.obj)
                0x00000000000058e8                log_const_cbprintf_package
 .log_const_clock_control
                0x00000000000058f0        0x8 zephyr/drivers/clock_control/libdrivers__clock_control.a(clock_control_nrf.c.obj)
                0x00000000000058f0                log_const_clock_control
 .log_const_fatal_error
                0x00000000000058f8        0x8 modules/nrf/lib/fatal_error/lib..__nrf__lib__fatal_error.a(fatal_error.c.obj)
                0x00000000000058f8                log_const_fatal_error
 .log_const_mpu
                0x0000000000005900        0x8 zephyr/arch/arch/arm/core/aarch32/mpu/libarch__arm__core__aarch32__mpu.a(arm_core_mpu.c.obj)
                0x0000000000005900                log_const_mpu
 .log_const_os  0x0000000000005908        0x8 zephyr/kernel/libkernel.a(init.c.obj)
                0x0000000000005908                log_const_os
 .log_const_pm  0x0000000000005910        0x8 zephyr/libzephyr.a(pm.c.obj)
                0x0000000000005910                log_const_pm
 .log_const_soc
                0x0000000000005918        0x8 zephyr/soc/arm/nordic_nrf/nrf52/libsoc__arm__nordic_nrf__nrf52.a(soc.c.obj)
                0x0000000000005918                log_const_soc
 .log_const_uart_nrfx_uarte
                0x0000000000005920        0x8 zephyr/drivers/serial/libdrivers__serial.a(uart_nrfx_uarte.c.obj)
                0x0000000000005920                log_const_uart_nrfx_uarte
                0x0000000000005928                __log_const_end = .

log_backend_area
                0x0000000000005928        0x0
                0x0000000000005928                _log_backend_list_start = .
 *(SORT_BY_NAME(SORT_BY_ALIGNMENT(._log_backend.static.*)))
                0x0000000000005928                _log_backend_list_end = .

log_link_area   0x0000000000005928        0x0
                0x0000000000005928                _log_link_list_start = .
 *(SORT_BY_NAME(SORT_BY_ALIGNMENT(._log_link.static.*)))
                0x0000000000005928                _log_link_list_end = .

tracing_backend_area
                0x0000000000005928        0x0
                0x0000000000005928                _tracing_backend_list_start = .
 *(SORT_BY_NAME(SORT_BY_ALIGNMENT(._tracing_backend.static.*)))
                0x0000000000005928                _tracing_backend_list_end = .

zephyr_dbg_info
 *(SORT_BY_ALIGNMENT(.dbg_thread_info))

symbol_to_keep  0x0000000000005928        0x0
                0x0000000000005928                __symbol_to_keep_start = .
 *(SORT_BY_NAME(SORT_BY_ALIGNMENT(.symbol_to_keep*)))
                0x0000000000005928                __symbol_to_keep_end = .

shell_area      0x0000000000005928        0x0
                0x0000000000005928                _shell_list_start = .
 *(SORT_BY_NAME(SORT_BY_ALIGNMENT(._shell.static.*)))
                0x0000000000005928                _shell_list_end = .

shell_root_cmds_sections
                0x0000000000005928        0x0
                0x0000000000005928                __shell_root_cmds_start = .
 *(SORT_BY_NAME(SORT_BY_ALIGNMENT(.shell_root_cmd_*)))
                0x0000000000005928                __shell_root_cmds_end = .

shell_subcmds_sections
                0x0000000000005928        0x0
                0x0000000000005928                __shell_subcmds_start = .
 *(SORT_BY_NAME(SORT_BY_ALIGNMENT(.shell_subcmd_*)))
                0x0000000000005928                __shell_subcmds_end = .

shell_dynamic_subcmds_sections
                0x0000000000005928        0x0
                0x0000000000005928                __shell_dynamic_subcmds_start = .
 *(SORT_BY_NAME(SORT_BY_ALIGNMENT(.shell_dynamic_subcmd_*)))
                0x0000000000005928                __shell_dynamic_subcmds_end = .

font_entry_sections
                0x0000000000005928        0x0
                0x0000000000005928                __font_entry_start = .
 *(SORT_BY_NAME(SORT_BY_ALIGNMENT(._cfb_font.*)))
                0x0000000000005928                __font_entry_end = .

rodata          0x0000000000005930      0xa9c
 *(SORT_BY_ALIGNMENT(.rodata))
 .rodata        0x0000000000005930        0xd app/libapp.a(main.c.obj)
 *(SORT_BY_ALIGNMENT(.rodata.*))
 *fill*         0x000000000000593d        0x3 
 .rodata.delay_machine_code.0
                0x0000000000005940        0x6 zephyr/soc/arm/nordic_nrf/nrf52/libsoc__arm__nordic_nrf__nrf52.a(soc.c.obj)
 *fill*         0x0000000000005946        0x2 
 .rodata.led    0x0000000000005948        0x8 app/libapp.a(main.c.obj)
 .rodata.button
                0x0000000000005950        0x8 app/libapp.a(main.c.obj)
 .rodata.pmstates_DT_N_S_cpus_S_cpu_0
                0x0000000000005958        0x0 zephyr/libzephyr.a(state.c.obj)
 .rodata.apis   0x0000000000005958        0x8 zephyr/libzephyr.a(nrf_cc3xx_platform_abort_zephyr.c.obj)
 .rodata.mutexes
                0x0000000000005960       0x14 zephyr/libzephyr.a(nrf_cc3xx_platform_mutex_zephyr.c.obj)
 .rodata.mutex_apis
                0x0000000000005974       0x10 zephyr/libzephyr.a(nrf_cc3xx_platform_mutex_zephyr.c.obj)
 .rodata.static_regions
                0x0000000000005984        0xc zephyr/arch/arch/arm/core/aarch32/mpu/libarch__arm__core__aarch32__mpu.a(arm_core_mpu.c.obj)
 .rodata.mpu_config
                0x0000000000005990        0x8 zephyr/soc/arm/common/cortex_m/libsoc__arm__common__cortex_m.a(arm_mpu_regions.c.obj)
                0x0000000000005990                mpu_config
 .rodata.mpu_regions
                0x0000000000005998       0x18 zephyr/soc/arm/common/cortex_m/libsoc__arm__common__cortex_m.a(arm_mpu_regions.c.obj)
 .rodata.transitions.0
                0x00000000000059b0        0xc zephyr/drivers/clock_control/libdrivers__clock_control.a(clock_control_nrf.c.obj)
 .rodata.config
                0x00000000000059bc       0x18 zephyr/drivers/clock_control/libdrivers__clock_control.a(clock_control_nrf.c.obj)
 .rodata.clock_control_api
                0x00000000000059d4       0x1c zephyr/drivers/clock_control/libdrivers__clock_control.a(clock_control_nrf.c.obj)
 .rodata.gpio_nrfx_p1_cfg
                0x00000000000059f0       0x10 zephyr/drivers/gpio/libdrivers__gpio.a(gpio_nrfx.c.obj)
 .rodata.gpio_nrfx_p0_cfg
                0x0000000000005a00       0x10 zephyr/drivers/gpio/libdrivers__gpio.a(gpio_nrfx.c.obj)
 .rodata.gpio_nrfx_drv_api_funcs
                0x0000000000005a10       0x24 zephyr/drivers/gpio/libdrivers__gpio.a(gpio_nrfx.c.obj)
 .rodata.uarte_0z_config
                0x0000000000005a34       0x10 zephyr/drivers/serial/libdrivers__serial.a(uart_nrfx_uarte.c.obj)
 .rodata.__pinctrl_dev_config__device_dts_ord_112
                0x0000000000005a44        0xc zephyr/drivers/serial/libdrivers__serial.a(uart_nrfx_uarte.c.obj)
 .rodata.__pinctrl_states__device_dts_ord_112
                0x0000000000005a50        0x8 zephyr/drivers/serial/libdrivers__serial.a(uart_nrfx_uarte.c.obj)
 .rodata.__pinctrl_state_pins_0__device_dts_ord_112
                0x0000000000005a58       0x10 zephyr/drivers/serial/libdrivers__serial.a(uart_nrfx_uarte.c.obj)
 .rodata.uart_nrfx_uarte_driver_api
                0x0000000000005a68       0x14 zephyr/drivers/serial/libdrivers__serial.a(uart_nrfx_uarte.c.obj)
 .rodata._k_neg_eagain
                0x0000000000005a7c        0x4 zephyr/kernel/libkernel.a(errno.c.obj)
                0x0000000000005a7c                _k_neg_eagain
 .rodata.CSWTCH.479
                0x0000000000005a80       0x14 zephyr/kernel/libkernel.a(fatal.c.obj)
 .rodata.levels.0
                0x0000000000005a94       0x18 zephyr/kernel/libkernel.a(init.c.obj)
 .rodata.CSWTCH.10
                0x0000000000005aac       0x1c /home/mtp/ncs/v2.4.2/nrfxlib/crypto/nrf_cc310_platform/lib/cortex-m4/soft-float/no-interrupts/libnrf_cc310_platform_0.9.17.a(nrf_cc3xx_platform.c.obj)
 .rodata.mutex_free.str1.4
                0x0000000000005ac8       0x26 /home/mtp/ncs/v2.4.2/nrfxlib/crypto/nrf_cc310_platform/lib/cortex-m4/soft-float/no-interrupts/libnrf_cc310_platform_0.9.17.a(nrf_cc3xx_platform_mutex.c.obj)
 *fill*         0x0000000000005aee        0x2 
 .rodata.mutex_init.str1.4
                0x0000000000005af0       0x23 /home/mtp/ncs/v2.4.2/nrfxlib/crypto/nrf_cc310_platform/lib/cortex-m4/soft-float/no-interrupts/libnrf_cc310_platform_0.9.17.a(nrf_cc3xx_platform_mutex.c.obj)
 *fill*         0x0000000000005b13        0x1 
 .rodata.CC_PalPowerSaveModeInit.str1.4
                0x0000000000005b14       0x20 /home/mtp/ncs/v2.4.2/nrfxlib/crypto/nrf_cc310_platform/lib/cortex-m4/soft-float/no-interrupts/libnrf_cc310_platform_0.9.17.a(cc_pal_pm.c.obj)
 .rodata.button_pressed.str1.1
                0x0000000000005b34       0x54 app/libapp.a(main.c.obj)
 .rodata.main.str1.1
                0x0000000000005b88       0xb2 app/libapp.a(main.c.obj)
 .rodata.str1.1
                0x0000000000005c3a        0xc app/libapp.a(main.c.obj)
 .rodata.str1.1
                0x0000000000005c46       0x11 zephyr/libzephyr.a(cbprintf_packaged.c.obj)
 .rodata.z_cbvprintf_impl.str1.1
                0x0000000000005c57        0x6 zephyr/libzephyr.a(cbprintf_complete.c.obj)
 .rodata.sys_reboot.str1.1
                0x0000000000005c5d       0x29 zephyr/libzephyr.a(reboot.c.obj)
 .rodata.z_log_minimal_hexdump_print.str1.1
                0x0000000000005c86       0x14 zephyr/libzephyr.a(log_minimal.c.obj)
                                         0x18 (size before relaxing)
 .rodata.CSWTCH.4
                0x0000000000005c9a        0x4 zephyr/libzephyr.a(log_minimal.c.obj)
 .rodata.str1.1
                0x0000000000005c9e        0x3 zephyr/libzephyr.a(pm.c.obj)
 .rodata.mutex_free_platform.str1.1
                0x0000000000005ca1       0x26 zephyr/libzephyr.a(nrf_cc3xx_platform_mutex_zephyr.c.obj)
 .rodata.mutex_init_platform.str1.1
                0x0000000000005cc7       0x2d zephyr/libzephyr.a(nrf_cc3xx_platform_mutex_zephyr.c.obj)
 .rodata.z_arm_fatal_error.str1.1
                0x0000000000005cf4       0xaf zephyr/arch/arch/arm/core/aarch32/libarch__arm__core__aarch32.a(fatal.c.obj)
 .rodata.mem_manage_fault.str1.1
                0x0000000000005da3       0xfb zephyr/arch/arch/arm/core/aarch32/cortex_m/libarch__arm__core__aarch32__cortex_m.a(fault.c.obj)
 .rodata.usage_fault.constprop.0.str1.1
                0x0000000000005e9e       0xf0 zephyr/arch/arch/arm/core/aarch32/cortex_m/libarch__arm__core__aarch32__cortex_m.a(fault.c.obj)
 .rodata.bus_fault.constprop.0.str1.1
                0x0000000000005f8e       0xa6 zephyr/arch/arch/arm/core/aarch32/cortex_m/libarch__arm__core__aarch32__cortex_m.a(fault.c.obj)
 .rodata.z_arm_fault.str1.1
                0x0000000000006034      0x139 zephyr/arch/arch/arm/core/aarch32/cortex_m/libarch__arm__core__aarch32__cortex_m.a(fault.c.obj)
 .rodata.str1.1
                0x000000000000616d        0x4 zephyr/arch/arch/arm/core/aarch32/mpu/libarch__arm__core__aarch32__mpu.a(arm_core_mpu.c.obj)
 .rodata.mpu_configure_regions.str1.1
                0x0000000000006171       0x53 zephyr/arch/arch/arm/core/aarch32/mpu/libarch__arm__core__aarch32__mpu.a(arm_mpu.c.obj)
 .rodata.str1.1
                0x00000000000061c4        0xf zephyr/soc/arm/common/cortex_m/libsoc__arm__common__cortex_m.a(arm_mpu_regions.c.obj)
 .rodata.CSWTCH.9
                0x00000000000061d3        0x6 zephyr/soc/arm/nordic_nrf/nrf52/libsoc__arm__nordic_nrf__nrf52.a(soc.c.obj)
 .rodata.str1.1
                0x00000000000061d9        0x4 zephyr/soc/arm/nordic_nrf/nrf52/libsoc__arm__nordic_nrf__nrf52.a(soc.c.obj)
 .rodata.str1.1
                0x00000000000061dd       0x29 zephyr/drivers/clock_control/libdrivers__clock_control.a(clock_control_nrf.c.obj)
 .rodata.str1.1
                0x0000000000006206       0x1c zephyr/drivers/gpio/libdrivers__gpio.a(gpio_nrfx.c.obj)
 .rodata.uarte_0_init.str1.1
                0x0000000000006222       0x24 zephyr/drivers/serial/libdrivers__serial.a(uart_nrfx_uarte.c.obj)
 .rodata.str1.1
                0x0000000000006246       0x1e zephyr/drivers/serial/libdrivers__serial.a(uart_nrfx_uarte.c.obj)
 .rodata.k_sys_fatal_error_handler.str1.1
                0x0000000000006264       0x16 modules/nrf/lib/fatal_error/lib..__nrf__lib__fatal_error.a(fatal_error.c.obj)
 .rodata.str1.1
                0x000000000000627a        0xc modules/nrf/lib/fatal_error/lib..__nrf__lib__fatal_error.a(fatal_error.c.obj)
 .rodata.CSWTCH.14
                0x0000000000006286        0x6 modules/hal_nordic/nrfx/libmodules__hal_nordic__nrfx.a(system_nrf52840.c.obj)
 .rodata.CSWTCH.5
                0x000000000000628c        0x6 modules/hal_nordic/nrfx/libmodules__hal_nordic__nrfx.a(system_nrf52840.c.obj)
 .rodata.str1.1
                0x0000000000006292        0xb modules/hal_nordic/nrfx/libmodules__hal_nordic__nrfx.a(nrfx_clock.c.obj)
 .rodata.str1.1
                0x000000000000629d        0xc modules/hal_nordic/nrfx/libmodules__hal_nordic__nrfx.a(nrfx_gpiote.c.obj)
 .rodata.str1.1
                0x00000000000062a9        0x9 modules/hal_nordic/nrfx/libmodules__hal_nordic__nrfx.a(nrfx_ppi.c.obj)
 .rodata._DoInit.str1.1
                0x00000000000062b2       0x14 modules/segger/libmodules__segger.a(SEGGER_RTT.c.obj)
 .rodata.z_fatal_error.str1.1
                0x00000000000062c6       0x86 zephyr/kernel/libkernel.a(fatal.c.obj)
 .rodata.str1.1
                0x000000000000634c       0x4a zephyr/kernel/libkernel.a(fatal.c.obj)
 .rodata.z_cstart.str1.1
                0x0000000000006396        0x5 zephyr/kernel/libkernel.a(init.c.obj)
 .rodata.str1.1
                0x000000000000639b        0x3 zephyr/kernel/libkernel.a(init.c.obj)
 .rodata.boot_banner.str1.1
                0x000000000000639e       0x2e zephyr/kernel/libkernel.a(banner.c.obj)
 *(SORT_BY_ALIGNMENT(.gnu.linkonce.r.*))
                0x00000000000063cc                . = ALIGN (0x4)
                0x00000000000063cc                __rodata_region_end = .
                0x00000000000063e0                . = ALIGN (_region_min_align)
                0x0000000000008000                . = ALIGN ((0x1 << LOG2CEIL ((__rodata_region_end - ADDR (rom_start)))))
                0x0000000000008000                __rom_region_end = ((__rom_region_start + .) - ADDR (rom_start))

/DISCARD/
 *(SORT_BY_ALIGNMENT(.got.plt))
 *(SORT_BY_ALIGNMENT(.igot.plt))
 *(SORT_BY_ALIGNMENT(.got))
 *(SORT_BY_ALIGNMENT(.igot))
                0x0000000020000000                . = 0x20000000
                0x0000000020000000                . = ALIGN (_region_min_align)
                0x0000000020000000                _image_ram_start = .

.ramfunc        0x0000000020000000        0x0 load address 0x00000000000063cc
                0x0000000020000000                . = ALIGN (_region_min_align)
                0x0000000020000000                . = ALIGN ((0x1 << LOG2CEIL (__ramfunc_size)))
                0x0000000020000000                __ramfunc_start = .
 *(SORT_BY_ALIGNMENT(.ramfunc))
 *(SORT_BY_ALIGNMENT(.ramfunc.*))
                0x0000000020000000                . = ALIGN (_region_min_align)
                0x0000000020000000                . = ALIGN ((0x1 << LOG2CEIL (__ramfunc_size)))
                0x0000000020000000                __ramfunc_end = .
                0x0000000000000000                __ramfunc_size = (__ramfunc_end - __ramfunc_start)
                0x00000000000063cc                __ramfunc_load_start = LOADADDR (.ramfunc)

datas           0x0000000020000000      0x130 load address 0x00000000000063cc
                0x0000000020000000                __data_region_start = .
                0x0000000020000000                __data_start = .
 *(SORT_BY_ALIGNMENT(.data))
 *(SORT_BY_ALIGNMENT(.data.*))
 .data._char_out
                0x0000000020000000        0x4 zephyr/libzephyr.a(printk.c.obj)
                0x0000000020000000                _char_out
 .data.max_latency_ticks
                0x0000000020000004        0x4 zephyr/libzephyr.a(policy.c.obj)
 .data.power_mutex
                0x0000000020000008        0x8 zephyr/libzephyr.a(nrf_cc3xx_platform_mutex_zephyr.c.obj)
 .data.rng_mutex
                0x0000000020000010        0x8 zephyr/libzephyr.a(nrf_cc3xx_platform_mutex_zephyr.c.obj)
 .data.asym_mutex
                0x0000000020000018        0x8 zephyr/libzephyr.a(nrf_cc3xx_platform_mutex_zephyr.c.obj)
 .data.sym_mutex
                0x0000000020000020        0x8 zephyr/libzephyr.a(nrf_cc3xx_platform_mutex_zephyr.c.obj)
 .data._stdout_hook
                0x0000000020000028        0x4 zephyr/lib/libc/minimal/liblib__libc__minimal.a(stdout_console.c.obj)
 .data.uarte_0_data
                0x000000002000002c       0x1c zephyr/drivers/serial/libdrivers__serial.a(uart_nrfx_uarte.c.obj)
 .data.m_cb     0x0000000020000048       0x7c modules/hal_nordic/nrfx/libmodules__hal_nordic__nrfx.a(nrfx_gpiote.c.obj)
 .data.m_channels_allocated
                0x00000000200000c4        0x4 modules/hal_nordic/nrfx/libmodules__hal_nordic__nrfx.a(nrfx_ppi.c.obj)
 .data.timeout_list
                0x00000000200000c8        0x8 zephyr/kernel/libkernel.a(timeout.c.obj)
 .data.platform_abort_apis
                0x00000000200000d0        0x8 /home/mtp/ncs/v2.4.2/nrfxlib/crypto/nrf_cc310_platform/lib/cortex-m4/soft-float/no-interrupts/libnrf_cc310_platform_0.9.17.a(nrf_cc3xx_platform_abort.c.obj)
                0x00000000200000d0                platform_abort_apis
 .data.platform_mutexes
                0x00000000200000d8       0x14 /home/mtp/ncs/v2.4.2/nrfxlib/crypto/nrf_cc310_platform/lib/cortex-m4/soft-float/no-interrupts/libnrf_cc310_platform_0.9.17.a(nrf_cc3xx_platform_mutex.c.obj)
                0x00000000200000d8                platform_mutexes
 .data.platform_mutex_apis
                0x00000000200000ec       0x10 /home/mtp/ncs/v2.4.2/nrfxlib/crypto/nrf_cc310_platform/lib/cortex-m4/soft-float/no-interrupts/libnrf_cc310_platform_0.9.17.a(nrf_cc3xx_platform_mutex.c.obj)
                0x00000000200000ec                platform_mutex_apis
 .data.power_mutex
                0x00000000200000fc        0x8 /home/mtp/ncs/v2.4.2/nrfxlib/crypto/nrf_cc310_platform/lib/cortex-m4/soft-float/no-interrupts/libnrf_cc310_platform_0.9.17.a(nrf_cc3xx_platform_mutex.c.obj)
 .data.rng_mutex
                0x0000000020000104        0x8 /home/mtp/ncs/v2.4.2/nrfxlib/crypto/nrf_cc310_platform/lib/cortex-m4/soft-float/no-interrupts/libnrf_cc310_platform_0.9.17.a(nrf_cc3xx_platform_mutex.c.obj)
 .data.asym_mutex
                0x000000002000010c        0x8 /home/mtp/ncs/v2.4.2/nrfxlib/crypto/nrf_cc310_platform/lib/cortex-m4/soft-float/no-interrupts/libnrf_cc310_platform_0.9.17.a(nrf_cc3xx_platform_mutex.c.obj)
 .data.sym_mutex
                0x0000000020000114        0x8 /home/mtp/ncs/v2.4.2/nrfxlib/crypto/nrf_cc310_platform/lib/cortex-m4/soft-float/no-interrupts/libnrf_cc310_platform_0.9.17.a(nrf_cc3xx_platform_mutex.c.obj)
 .data.pCCRndCryptoMutex
                0x000000002000011c        0x4 /home/mtp/ncs/v2.4.2/nrfxlib/crypto/nrf_cc310_platform/lib/cortex-m4/soft-float/no-interrupts/libnrf_cc310_platform_0.9.17.a(cc_pal.c.obj)
                0x000000002000011c                pCCRndCryptoMutex
 .data.CCPowerMutex
                0x0000000020000120        0x4 /home/mtp/ncs/v2.4.2/nrfxlib/crypto/nrf_cc310_platform/lib/cortex-m4/soft-float/no-interrupts/libnrf_cc310_platform_0.9.17.a(cc_pal.c.obj)
                0x0000000020000120                CCPowerMutex
 .data.CCRndCryptoMutex
                0x0000000020000124        0x4 /home/mtp/ncs/v2.4.2/nrfxlib/crypto/nrf_cc310_platform/lib/cortex-m4/soft-float/no-interrupts/libnrf_cc310_platform_0.9.17.a(cc_pal.c.obj)
                0x0000000020000124                CCRndCryptoMutex
 .data.CCAsymCryptoMutex
                0x0000000020000128        0x4 /home/mtp/ncs/v2.4.2/nrfxlib/crypto/nrf_cc310_platform/lib/cortex-m4/soft-float/no-interrupts/libnrf_cc310_platform_0.9.17.a(cc_pal.c.obj)
                0x0000000020000128                CCAsymCryptoMutex
 .data.CCSymCryptoMutex
                0x000000002000012c        0x4 /home/mtp/ncs/v2.4.2/nrfxlib/crypto/nrf_cc310_platform/lib/cortex-m4/soft-float/no-interrupts/libnrf_cc310_platform_0.9.17.a(cc_pal.c.obj)
                0x000000002000012c                CCSymCryptoMutex
 *(SORT_BY_ALIGNMENT(.kernel.*))
                0x0000000020000130                __data_end = .
                0x0000000000000130                __data_size = (__data_end - __data_start)
                0x00000000000063cc                __data_load_start = LOADADDR (datas)
                0x00000000000063cc                __data_region_load_start = LOADADDR (datas)

device_states   0x0000000020000130        0x8 load address 0x00000000000064fc
                0x0000000020000130                __device_states_start = .
 *(SORT_BY_ALIGNMENT(.z_devstate))
 .z_devstate    0x0000000020000130        0x2 zephyr/drivers/clock_control/libdrivers__clock_control.a(clock_control_nrf.c.obj)
 .z_devstate    0x0000000020000132        0x4 zephyr/drivers/gpio/libdrivers__gpio.a(gpio_nrfx.c.obj)
 .z_devstate    0x0000000020000136        0x2 zephyr/drivers/serial/libdrivers__serial.a(uart_nrfx_uarte.c.obj)
 *(SORT_BY_ALIGNMENT(.z_devstate.*))
                0x0000000020000138                __device_states_end = .

initshell       0x0000000020000138        0x0 load address 0x0000000000006504
                0x0000000020000138                __shell_module_start = .
 *(SORT_BY_ALIGNMENT(.shell_module_*))
                0x0000000020000138                __shell_module_end = .
                0x0000000020000138                __shell_cmd_start = .
 *(SORT_BY_ALIGNMENT(.shell_cmd_*))
                0x0000000020000138                __shell_cmd_end = .

log_mpsc_pbuf_area
                0x0000000020000138        0x0 load address 0x0000000000006504
                0x0000000020000138                _log_mpsc_pbuf_list_start = .
 *(SORT_BY_NAME(SORT_BY_ALIGNMENT(._log_mpsc_pbuf.static.*)))
                0x0000000020000138                _log_mpsc_pbuf_list_end = .

log_msg_ptr_area
                0x0000000020000138        0x0 load address 0x0000000000006504
                0x0000000020000138                _log_msg_ptr_list_start = .
 *(SORT_BY_NAME(SORT_BY_ALIGNMENT(._log_msg_ptr.static.*)))
                0x0000000020000138                _log_msg_ptr_list_end = .

log_dynamic_sections
                0x0000000020000138        0x0 load address 0x0000000000006504
                0x0000000020000138                __log_dynamic_start = .
 *(SORT_BY_NAME(SORT_BY_ALIGNMENT(.log_dynamic_*)))
                0x0000000020000138                __log_dynamic_end = .

k_timer_area    0x0000000020000138        0x0 load address 0x0000000000006504
                0x0000000020000138                _k_timer_list_start = .
 *(SORT_BY_NAME(SORT_BY_ALIGNMENT(._k_timer.static.*)))
                0x0000000020000138                _k_timer_list_end = .

k_mem_slab_area
                0x0000000020000138        0x0 load address 0x0000000000006504
                0x0000000020000138                _k_mem_slab_list_start = .
 *(SORT_BY_NAME(SORT_BY_ALIGNMENT(._k_mem_slab.static.*)))
                0x0000000020000138                _k_mem_slab_list_end = .

k_heap_area     0x0000000020000138        0x0 load address 0x0000000000006504
                0x0000000020000138                _k_heap_list_start = .
 *(SORT_BY_NAME(SORT_BY_ALIGNMENT(._k_heap.static.*)))
                0x0000000020000138                _k_heap_list_end = .

k_mutex_area    0x0000000020000138       0x50 load address 0x0000000000006504
                0x0000000020000138                _k_mutex_list_start = .
 *(SORT_BY_NAME(SORT_BY_ALIGNMENT(._k_mutex.static.*)))
 ._k_mutex.static.asym_mutex_int
                0x0000000020000138       0x14 zephyr/libzephyr.a(nrf_cc3xx_platform_mutex_zephyr.c.obj)
                0x0000000020000138                asym_mutex_int
 ._k_mutex.static.power_mutex_int
                0x000000002000014c       0x14 zephyr/libzephyr.a(nrf_cc3xx_platform_mutex_zephyr.c.obj)
                0x000000002000014c                power_mutex_int
 ._k_mutex.static.rng_mutex_int
                0x0000000020000160       0x14 zephyr/libzephyr.a(nrf_cc3xx_platform_mutex_zephyr.c.obj)
                0x0000000020000160                rng_mutex_int
 ._k_mutex.static.sym_mutex_int
                0x0000000020000174       0x14 zephyr/libzephyr.a(nrf_cc3xx_platform_mutex_zephyr.c.obj)
                0x0000000020000174                sym_mutex_int
                0x0000000020000188                _k_mutex_list_end = .

k_stack_area    0x0000000020000188        0x0 load address 0x0000000000006554
                0x0000000020000188                _k_stack_list_start = .
 *(SORT_BY_NAME(SORT_BY_ALIGNMENT(._k_stack.static.*)))
                0x0000000020000188                _k_stack_list_end = .

k_msgq_area     0x0000000020000188        0x0 load address 0x0000000000006554
                0x0000000020000188                _k_msgq_list_start = .
 *(SORT_BY_NAME(SORT_BY_ALIGNMENT(._k_msgq.static.*)))
                0x0000000020000188                _k_msgq_list_end = .

k_mbox_area     0x0000000020000188        0x0 load address 0x0000000000006554
                0x0000000020000188                _k_mbox_list_start = .
 *(SORT_BY_NAME(SORT_BY_ALIGNMENT(._k_mbox.static.*)))
                0x0000000020000188                _k_mbox_list_end = .

k_pipe_area     0x0000000020000188        0x0 load address 0x0000000000006554
                0x0000000020000188                _k_pipe_list_start = .
 *(SORT_BY_NAME(SORT_BY_ALIGNMENT(._k_pipe.static.*)))
                0x0000000020000188                _k_pipe_list_end = .

k_sem_area      0x0000000020000188        0x0 load address 0x0000000000006554
                0x0000000020000188                _k_sem_list_start = .
 *(SORT_BY_NAME(SORT_BY_ALIGNMENT(._k_sem.static.*)))
                0x0000000020000188                _k_sem_list_end = .

k_event_area    0x0000000020000188        0x0 load address 0x0000000000006554
                0x0000000020000188                _k_event_list_start = .
 *(SORT_BY_NAME(SORT_BY_ALIGNMENT(._k_event.static.*)))
                0x0000000020000188                _k_event_list_end = .

k_queue_area    0x0000000020000188        0x0 load address 0x0000000000006554
                0x0000000020000188                _k_queue_list_start = .
 *(SORT_BY_NAME(SORT_BY_ALIGNMENT(._k_queue.static.*)))
                0x0000000020000188                _k_queue_list_end = .

k_condvar_area  0x0000000020000188        0x0 load address 0x0000000000006554
                0x0000000020000188                _k_condvar_list_start = .
 *(SORT_BY_NAME(SORT_BY_ALIGNMENT(._k_condvar.static.*)))
                0x0000000020000188                _k_condvar_list_end = .

_net_buf_pool_area
                0x0000000020000188        0x0 load address 0x0000000000006554
                0x0000000020000188                _net_buf_pool_list = .
 *(SORT_BY_NAME(SORT_BY_ALIGNMENT(._net_buf_pool.static.*)))
                0x0000000020000188                __data_region_end = .

bss             0x0000000020000188      0xdf5
                0x0000000020000188                . = ALIGN (0x4)
                0x0000000020000188                __bss_start = .
                0x0000000020000188                __kernel_ram_start = .
 *(SORT_BY_ALIGNMENT(.bss))
 *(SORT_BY_ALIGNMENT(.bss.*))
 .bss.cc_data   0x0000000020000188       0x10 zephyr/drivers/timer/libdrivers__timer.a(nrf_rtc_timer.c.obj)
 .bss.last_count
                0x0000000020000198        0x8 zephyr/drivers/timer/libdrivers__timer.a(nrf_rtc_timer.c.obj)
 .bss.anchor    0x00000000200001a0        0x8 zephyr/drivers/timer/libdrivers__timer.a(nrf_rtc_timer.c.obj)
 .bss.z_idle_threads
                0x00000000200001a8       0x80 zephyr/kernel/libkernel.a(init.c.obj)
                0x00000000200001a8                z_idle_threads
 .bss.z_main_thread
                0x0000000020000228       0x80 zephyr/kernel/libkernel.a(init.c.obj)
                0x0000000020000228                z_main_thread
 .bss.slice_timeouts
                0x00000000200002a8       0x18 zephyr/kernel/libkernel.a(sched.c.obj)
 .bss.curr_tick
                0x00000000200002c0        0x8 zephyr/kernel/libkernel.a(timeout.c.obj)
 .bss.button_cb_data
                0x00000000200002c8        0xc app/libapp.a(main.c.obj)
 .bss.z_cpus_pm_forced_state
                0x00000000200002d4        0xc zephyr/libzephyr.a(pm.c.obj)
 .bss.z_cpus_pm_state
                0x00000000200002e0        0xc zephyr/libzephyr.a(pm.c.obj)
 .bss.pm_notifiers
                0x00000000200002ec        0x8 zephyr/libzephyr.a(pm.c.obj)
 .bss.z_post_ops_required
                0x00000000200002f4        0x4 zephyr/libzephyr.a(pm.c.obj)
 .bss.mutex_slab_buffer
                0x00000000200002f8      0x500 zephyr/libzephyr.a(nrf_cc3xx_platform_mutex_zephyr.c.obj)
                0x00000000200002f8                mutex_slab_buffer
 .bss.mutex_slab